Component: ARM Compiler 5.06 update 4 (build 422) Tool: armlink [4d35d2]

==============================================================================

Section Cross References

    main.o(i.main) refers to usart.o(i.UART1_Configuration) for UART1_Configuration
    main.o(i.main) refers to printf5.o(i.__0printf$5) for __2printf
    main.o(i.main) refers to sccb.o(i.SCCB_Init) for SCCB_Init
    main.o(i.main) refers to tools.o(i.delay_ms) for delay_ms
    main.o(i.main) refers to board.o(i.Board_GetSystemClock) for Board_GetSystemClock
    board.o(i.Board_GetSystemClock) refers to stm32f4xx_rcc.o(i.RCC_GetClocksFreq) for RCC_GetClocksFreq
    board.o(i.Board_GetSystemClock) refers to printf5.o(i.__0printf$5) for __2printf
    usart.o(i.UART1_Configuration) refers to stm32f4xx_rcc.o(i.RCC_AHB1PeriphClockCmd) for RCC_AHB1PeriphClockCmd
    usart.o(i.UART1_Configuration) refers to stm32f4xx_rcc.o(i.RCC_APB2PeriphClockCmd) for RCC_APB2PeriphClockCmd
    usart.o(i.UART1_Configuration) refers to stm32f4xx_gpio.o(i.GPIO_Init) for GPIO_Init
    usart.o(i.UART1_Configuration) refers to stm32f4xx_gpio.o(i.GPIO_PinAFConfig) for GPIO_PinAFConfig
    usart.o(i.UART1_Configuration) refers to stm32f4xx_usart.o(i.USART_DeInit) for USART_DeInit
    usart.o(i.UART1_Configuration) refers to stm32f4xx_usart.o(i.USART_OverSampling8Cmd) for USART_OverSampling8Cmd
    usart.o(i.UART1_Configuration) refers to stm32f4xx_usart.o(i.USART_Init) for USART_Init
    usart.o(i.UART1_Configuration) refers to stm32f4xx_usart.o(i.USART_ITConfig) for USART_ITConfig
    usart.o(i.UART1_Configuration) refers to stm32f4xx_usart.o(i.USART_Cmd) for USART_Cmd
    usart.o(i.USART1_IRQHandler) refers to stm32f4xx_usart.o(i.USART_GetITStatus) for USART_GetITStatus
    usart.o(i.USART1_IRQHandler) refers to stm32f4xx_usart.o(i.USART_ReceiveData) for USART_ReceiveData
    usart.o(i.USART1_IRQHandler) refers to tools.o(i.tools_str2num) for tools_str2num
    usart.o(i.USART1_IRQHandler) refers to stm32f4xx_usart.o(i.USART_ClearITPendingBit) for USART_ClearITPendingBit
    usart.o(i.USART1_IRQHandler) refers to usart.o(.bss) for str_data
    usart.o(i.USART1_IRQHandler) refers to usart.o(.data) for str_len
    usart.o(i.USART1_NVIC_Configuration) refers to misc.o(i.NVIC_Init) for NVIC_Init
    usart.o(i.fputc) refers to stm32f4xx_usart.o(i.USART_SendData) for USART_SendData
    usart.o(i.fputc) refers to stm32f4xx_usart.o(i.USART_GetFlagStatus) for USART_GetFlagStatus
    tools.o(i.assert_failed) refers to printf5.o(i.__0printf$5) for __2printf
    tools.o(i.tools_str2num) refers to printf5.o(i.__0printf$5) for __2printf
    tools.o(i.tools_str2num) refers to dflti.o(.text) for __aeabi_i2d
    tools.o(i.tools_str2num) refers to pow.o(i.__hardfp_pow) for __hardfp_pow
    tools.o(i.tools_str2num) refers to dmul.o(.text) for __aeabi_dmul
    tools.o(i.tools_str2num) refers to dadd.o(.text) for __aeabi_dadd
    tools.o(i.tools_str2num) refers to dfixi.o(.text) for __aeabi_d2iz
    sccb.o(i.SCCB_Ack) refers to sccb.o(i.SCCB_WriteMode) for SCCB_WriteMode
    sccb.o(i.SCCB_Ack) refers to stm32f4xx_gpio.o(i.GPIO_ResetBits) for GPIO_ResetBits
    sccb.o(i.SCCB_Ack) refers to stm32f4xx_gpio.o(i.GPIO_SetBits) for GPIO_SetBits
    sccb.o(i.SCCB_Ack) refers to tools.o(i.delay_us) for delay_us
    sccb.o(i.SCCB_CheckAck) refers to sccb.o(i.SCCB_ReadMode) for SCCB_ReadMode
    sccb.o(i.SCCB_CheckAck) refers to tools.o(i.delay_us) for delay_us
    sccb.o(i.SCCB_CheckAck) refers to stm32f4xx_gpio.o(i.GPIO_SetBits) for GPIO_SetBits
    sccb.o(i.SCCB_CheckAck) refers to stm32f4xx_gpio.o(i.GPIO_ReadInputDataBit) for GPIO_ReadInputDataBit
    sccb.o(i.SCCB_CheckAck) refers to stm32f4xx_gpio.o(i.GPIO_ResetBits) for GPIO_ResetBits
    sccb.o(i.SCCB_CheckAck) refers to tools.o(i.delay_ms) for delay_ms
    sccb.o(i.SCCB_CheckAck) refers to sccb.o(i.SCCB_WriteMode) for SCCB_WriteMode
    sccb.o(i.SCCB_GPIO_Configuration) refers to stm32f4xx_rcc.o(i.RCC_AHB1PeriphClockCmd) for RCC_AHB1PeriphClockCmd
    sccb.o(i.SCCB_GPIO_Configuration) refers to stm32f4xx_gpio.o(i.GPIO_Init) for GPIO_Init
    sccb.o(i.SCCB_Init) refers to sccb.o(i.SCCB_GPIO_Configuration) for SCCB_GPIO_Configuration
    sccb.o(i.SCCB_Init) refers to sccb.o(i.SCCB_WriteMode) for SCCB_WriteMode
    sccb.o(i.SCCB_Init) refers to sccb.o(i.SCCB_Start) for SCCB_Start
    sccb.o(i.SCCB_Init) refers to sccb.o(i.SCCB_Stop) for SCCB_Stop
    sccb.o(i.SCCB_NAck) refers to sccb.o(i.SCCB_WriteMode) for SCCB_WriteMode
    sccb.o(i.SCCB_NAck) refers to stm32f4xx_gpio.o(i.GPIO_SetBits) for GPIO_SetBits
    sccb.o(i.SCCB_NAck) refers to tools.o(i.delay_us) for delay_us
    sccb.o(i.SCCB_NAck) refers to stm32f4xx_gpio.o(i.GPIO_ResetBits) for GPIO_ResetBits
    sccb.o(i.SCCB_ReadData) refers to sccb.o(i.SCCB_ReadMode) for SCCB_ReadMode
    sccb.o(i.SCCB_ReadData) refers to stm32f4xx_gpio.o(i.GPIO_SetBits) for GPIO_SetBits
    sccb.o(i.SCCB_ReadData) refers to tools.o(i.delay_us) for delay_us
[...]
    printf3.o(i.__0vsnprintf$3) refers to printf3.o(i._snputc) for _snputc
    printf3.o(i.__0vsprintf$3) refers to printf3.o(i._printf_core) for _printf_core
    printf3.o(i.__0vsprintf$3) refers to printf3.o(i._sputc) for _sputc
    printf3.o(i._printf_core) refers to uidiv.o(.text) for __aeabi_uidivmod
    printf4.o(i.__0fprintf$4) refers to printf4.o(i._printf_core) for _printf_core
    printf4.o(i.__0fprintf$4) refers to usart.o(i.fputc) for fputc
    printf4.o(i.__0printf$4) refers to printf4.o(i._printf_core) for _printf_core
    printf4.o(i.__0printf$4) refers to usart.o(i.fputc) for fputc
    printf4.o(i.__0printf$4) refers to stdout.o(.data) for __stdout
    printf4.o(i.__0snprintf$4) refers to printf4.o(i._printf_core) for _printf_core
    printf4.o(i.__0snprintf$4) refers to printf4.o(i._snputc) for _snputc
    printf4.o(i.__0sprintf$4) refers to printf4.o(i._printf_core) for _printf_core
    printf4.o(i.__0sprintf$4) refers to printf4.o(i._sputc) for _sputc
    printf4.o(i.__0vfprintf$4) refers to printf4.o(i._printf_core) for _printf_core
    printf4.o(i.__0vfprintf$4) refers to usart.o(i.fputc) for fputc
    printf4.o(i.__0vprintf$4) refers to printf4.o(i._printf_core) for _printf_core
    printf4.o(i.__0vprintf$4) refers to usart.o(i.fputc) for fputc
    printf4.o(i.__0vprintf$4) refers to stdout.o(.data) for __stdout
    printf4.o(i.__0vsnprintf$4) refers to printf4.o(i._printf_core) for _printf_core
    printf4.o(i.__0vsnprintf$4) refers to printf4.o(i._snputc) for _snputc
    printf4.o(i.__0vsprintf$4) refers to printf4.o(i._printf_core) for _printf_core
    printf4.o(i.__0vsprintf$4) refers to printf4.o(i._sputc) for _sputc
    printf4.o(i._printf_core) refers to uldiv.o(.text) for __aeabi_uldivmod
    printf5.o(i.__0fprintf$5) refers to printf5.o(i._printf_core) for _printf_core
    printf5.o(i.__0fprintf$5) refers to usart.o(i.fputc) for fputc
    printf5.o(i.__0printf$5) refers to printf5.o(i._printf_core) for _printf_core
    printf5.o(i.__0printf$5) refers to usart.o(i.fputc) for fputc
    printf5.o(i.__0printf$5) refers to stdout.o(.data) for __stdout
    printf5.o(i.__0snprintf$5) refers to printf5.o(i._printf_core) for _printf_core
    printf5.o(i.__0snprintf$5) refers to printf5.o(i._snputc) for _snputc
    printf5.o(i.__0sprintf$5) refers to printf5.o(i._printf_core) for _printf_core
    printf5.o(i.__0sprintf$5) refers to printf5.o(i._sputc) for _sputc
    printf5.o(i.__0vfprintf$5) refers to printf5.o(i._printf_core) for _printf_core
    printf5.o(i.__0vfprintf$5) refers to usart.o(i.fputc) for fputc
    printf5.o(i.__0vprintf$5) refers to printf5.o(i._printf_core) for _printf_core
    printf5.o(i.__0vprintf$5) refers to usart.o(i.fputc) for fputc
    printf5.o(i.__0vprintf$5) refers to stdout.o(.data) for __stdout
    printf5.o(i.__0vsnprintf$5) refers to printf5.o(i._printf_core) for _printf_core
    printf5.o(i.__0vsnprintf$5) refers to printf5.o(i._snputc) for _snputc
    printf5.o(i.__0vsprintf$5) refers to printf5.o(i._printf_core) for _printf_core
    printf5.o(i.__0vsprintf$5) refers to printf5.o(i._sputc) for _sputc
    printf5.o(i._printf_core) refers to uldiv.o(.text) for __aeabi_uldivmod
    printf6.o(i.__0fprintf$6) refers to printf6.o(i._printf_core) for _printf_core
    printf6.o(i.__0fprintf$6) refers to usart.o(i.fputc) for fputc
    printf6.o(i.__0printf$6) refers to printf6.o(i._printf_core) for _printf_core
    printf6.o(i.__0printf$6) refers to usart.o(i.fputc) for fputc
    printf6.o(i.__0printf$6) refers to stdout.o(.data) for __stdout
    printf6.o(i.__0snprintf$6) refers to printf6.o(i._printf_core) for _printf_core
    printf6.o(i.__0snprintf$6) refers to printf6.o(i._snputc) for _snputc
    printf6.o(i.__0sprintf$6) refers to printf6.o(i._printf_core) for _printf_core
    printf6.o(i.__0sprintf$6) refers to printf6.o(i._sputc) for _sputc
    printf6.o(i.__0vfprintf$6) refers to printf6.o(i._printf_core) for _printf_core
    printf6.o(i.__0vfprintf$6) refers to usart.o(i.fputc) for fputc
    printf6.o(i.__0vprintf$6) refers to printf6.o(i._printf_core) for _printf_core
    printf6.o(i.__0vprintf$6) refers to usart.o(i.fputc) for fputc
    printf6.o(i.__0vprintf$6) refers to stdout.o(.data) for __stdout
    printf6.o(i.__0vsnprintf$6) refers to printf6.o(i._printf_core) for _printf_core
    printf6.o(i.__0vsnprintf$6) refers to printf6.o(i._snputc) for _snputc
    printf6.o(i.__0vsprintf$6) refers to printf6.o(i._printf_core) for _printf_core
    printf6.o(i.__0vsprintf$6) refers to printf6.o(i._sputc) for _sputc
    printf6.o(i._printf_core) refers to printf6.o(i._printf_pre_padding) for _printf_pre_padding
    printf6.o(i._printf_core) refers to uidiv.o(.text) for __aeabi_uidivmod
    printf6.o(i._printf_core) refers to printf6.o(i._printf_post_padding) for _printf_post_padding
    printf7.o(i.__0fprintf$7) refers to printf7.o(i._printf_core) for _printf_core
    printf7.o(i.__0fprintf$7) refers to usart.o(i.fputc) for fputc
    printf7.o(i.__0printf$7) refers to printf7.o(i._printf_core) for _printf_core
    printf7.o(i.__0printf$7) refers to usart.o(i.fputc) for fputc
    printf7.o(i.__0printf$7) refers to stdout.o(.data) for __stdout
    printf7.o(i.__0snprintf$7) refers to printf7.o(i._printf_core) for _printf_core
    printf7.o(i.__0snprintf$7) refers to printf7.o(i._snputc) for _snputc
    printf7.o(i.__0sprintf$7) refers to printf7.o(i._printf_core) for _printf_core
    printf7.o(i.__0sprintf$7) refers to printf7.o(i._sputc) for _sputc
    printf7.o(i.__0vfprintf$7) refers to printf7.o(i._printf_core) for _printf_core
    printf7.o(i.__0vfprintf$7) refers to usart.o(i.fputc) for fputc
    printf7.o(i.__0vprintf$7) refers to printf7.o(i._printf_core) for _printf_core
    printf7.o(i.__0vprintf$7) refers to usart.o(i.fputc) for fputc
    printf7.o(i.__0vprintf$7) refers to stdout.o(.data) for __stdout
    printf7.o(i.__0vsnprintf$7) refers to printf7.o(i._printf_core) for _printf_core
    printf7.o(i.__0vsnprintf$7) refers to printf7.o(i._snputc) for _snputc
    printf7.o(i.__0vsprintf$7) refers to printf7.o(i._printf_core) for _printf_core
    printf7.o(i.__0vsprintf$7) refers to printf7.o(i._sputc) for _sputc
    printf7.o(i._printf_core) refers to printf7.o(i._printf_pre_padding) for _printf_pre_padding
    printf7.o(i._printf_core) refers to uldiv.o(.text) for __aeabi_uldivmod
    printf7.o(i._printf_core) refers to printf7.o(i._printf_post_padding) for _printf_post_padding
    printf8.o(i.__0fprintf$8) refers to printf8.o(i._printf_core) for _printf_core
    printf8.o(i.__0fprintf$8) refers to usart.o(i.fputc) for fputc
    printf8.o(i.__0printf$8) refers to printf8.o(i._printf_core) for _printf_core
    printf8.o(i.__0printf$8) refers to usart.o(i.fputc) for fputc
    printf8.o(i.__0printf$8) refers to stdout.o(.data) for __stdout
    printf8.o(i.__0snprintf$8) refers to printf8.o(i._printf_core) for _printf_core
    printf8.o(i.__0snprintf$8) refers to printf8.o(i._snputc) for _snputc
    printf8.o(i.__0sprintf$8) refers to printf8.o(i._printf_core) for _printf_core
    printf8.o(i.__0sprintf$8) refers to printf8.o(i._sputc) for _sputc
    printf8.o(i.__0vfprintf$8) refers to printf8.o(i._printf_core) for _printf_core
    printf8.o(i.__0vfprintf$8) refers to usart.o(i.fputc) for fputc
    printf8.o(i.__0vprintf$8) refers to printf8.o(i._printf_core) for _printf_core
    printf8.o(i.__0vprintf$8) refers to usart.o(i.fputc) for fputc
    printf8.o(i.__0vprintf$8) refers to stdout.o(.data) for __stdout
    printf8.o(i.__0vsnprintf$8) refers to printf8.o(i._printf_core) for _printf_core
    printf8.o(i.__0vsnprintf$8) refers to printf8.o(i._snputc) for _snputc
    printf8.o(i.__0vsprintf$8) refers to printf8.o(i._printf_core) for _printf_core
    printf8.o(i.__0vsprintf$8) refers to printf8.o(i._sputc) for _sputc
    printf8.o(i._printf_core) refers to printf8.o(i._printf_pre_padding) for _printf_pre_padding
    printf8.o(i._printf_core) refers to uldiv.o(.text) for __aeabi_uldivmod
    printf8.o(i._printf_core) refers to printf8.o(i._printf_post_padding) for _printf_post_padding
    printfa.o(i.__0fprintf) refers (Special) to iusefp.o(.text) for __I$use$fp
    printfa.o(i.__0fprintf) refers to printfa.o(i._printf_core) for _printf_core
    printfa.o(i.__0fprintf) refers to usart.o(i.fputc) for fputc
    printfa.o(i.__0printf) refers (Special) to iusefp.o(.text) for __I$use$fp
    printfa.o(i.__0printf) refers to printfa.o(i._printf_core) for _printf_core
    printfa.o(i.__0printf) refers to usart.o(i.fputc) for fputc
    printfa.o(i.__0printf) refers to stdout.o(.data) for __stdout
    printfa.o(i.__0snprintf) refers (Special) to iusefp.o(.text) for __I$use$fp
    printfa.o(i.__0snprintf) refers to printfa.o(i._printf_core) for _printf_core
    printfa.o(i.__0snprintf) refers to printfa.o(i._snputc) for _snputc
    printfa.o(i.__0sprintf) refers (Special) to iusefp.o(.text) for __I$use$fp
    printfa.o(i.__0sprintf) refers to printfa.o(i._printf_core) for _printf_core
    printfa.o(i.__0sprintf) refers to printfa.o(i._sputc) for _sputc
    printfa.o(i.__0vfprintf) refers (Special) to iusefp.o(.text) for __I$use$fp
    printfa.o(i.__0vfprintf) refers to printfa.o(i._printf_core) for _printf_core
    printfa.o(i.__0vfprintf) refers to usart.o(i.fputc) for fputc
    printfa.o(i.__0vprintf) refers (Special) to iusefp.o(.text) for __I$use$fp
    printfa.o(i.__0vprintf) refers to printfa.o(i._printf_core) for _printf_core
    printfa.o(i.__0vprintf) refers to usart.o(i.fputc) for fputc
    printfa.o(i.__0vprintf) refers to stdout.o(.data) for __stdout
    printfa.o(i.__0vsnprintf) refers (Special) to iusefp.o(.text) for __I$use$fp
    printfa.o(i.__0vsnprintf) refers to printfa.o(i._printf_core) for _printf_core
    printfa.o(i.__0vsnprintf) refers to printfa.o(i._snputc) for _snputc
    printfa.o(i.__0vsprintf) refers (Special) to iusefp.o(.text) for __I$use$fp
    printfa.o(i.__0vsprintf) refers to printfa.o(i._printf_core) for _printf_core
    printfa.o(i.__0vsprintf) refers to printfa.o(i._sputc) for _sputc
    printfa.o(i._fp_digits) refers (Special) to iusefp.o(.text) for __I$use$fp
    printfa.o(i._fp_digits) refers to dmul.o(.text) for __aeabi_dmul
    printfa.o(i._fp_digits) refers to ddiv.o(.text) for __aeabi_ddiv
    printfa.o(i._fp_digits) refers to cdrcmple.o(.text) for __aeabi_cdrcmple
    printfa.o(i._fp_digits) refers to dadd.o(.text) for __aeabi_dadd
    printfa.o(i._fp_digits) refers to dfixul.o(.text) for __aeabi_d2ulz
    printfa.o(i._fp_digits) refers to uldiv.o(.text) for __aeabi_uldivmod
    printfa.o(i._printf_core) refers (Special) to iusefp.o(.text) for __I$use$fp
    printfa.o(i._printf_core) refers to printfa.o(i._printf_pre_padding) for _printf_pre_padding
    printfa.o(i._printf_core) refers to uldiv.o(.text) for __aeabi_uldivmod
    printfa.o(i._printf_core) refers to printfa.o(i._printf_post_padding) for _printf_post_padding
    printfa.o(i._printf_core) refers to printfa.o(i._fp_digits) for _fp_digits
    printfa.o(i._printf_core) refers to uidiv.o(.text) for __aeabi_uidivmod
    printfa.o(i._printf_post_padding) refers (Special) to iusefp.o(.text) for __I$use$fp
    printfa.o(i._printf_pre_padding) refers (Special) to iusefp.o(.text) for __I$use$fp
    printfa.o(i._snputc) refers (Special) to iusefp.o(.text) for __I$use$fp
    printfa.o(i._sputc) refers (Special) to iusefp.o(.text) for __I$use$fp
    dadd.o(.text) refers (Special) to iusefp.o(.text) for __I$use$fp
    dadd.o(.text) refers to llshl.o(.text) for __aeabi_llsl
    dadd.o(.text) refers to llsshr.o(.text) for __aeabi_lasr
    dadd.o(.text) refers to depilogue.o(.text) for _double_epilogue
    dmul.o(.text) refers (Special) to iusefp.o(.text) for __I$use$fp
    dmul.o(.text) refers to depilogue.o(.text) for _double_epilogue
    dflti.o(.text) refers (Special) to iusefp.o(.text) for __I$use$fp
    dflti.o(.text) refers to depilogue.o(.text) for _double_epilogue
    dfixi.o(.text) refers (Special) to iusefp.o(.text) for __I$use$fp
    dfixi.o(.text) refers to llushr.o(.text) for __aeabi_llsr
    dunder.o(i.__mathlib_dbl_divzero) refers to ddiv.o(.text) for __aeabi_ddiv
    dunder.o(i.__mathlib_dbl_infnan) refers to dadd.o(.text) for __aeabi_dadd
    dunder.o(i.__mathlib_dbl_infnan2) refers to dadd.o(.text) for __aeabi_dadd
    dunder.o(i.__mathlib_dbl_invalid) refers to ddiv.o(.text) for __aeabi_ddiv
    dunder.o(i.__mathlib_dbl_overflow) refers to dmul.o(.text) for __aeabi_dmul
    dunder.o(i.__mathlib_dbl_posinfnan) refers to dmul.o(.text) for __aeabi_dmul
    dunder.o(i.__mathlib_dbl_underflow) refers to dmul.o(.text) for __aeabi_dmul
    fabs.o(i.__hardfp_fabs) refers (Special) to iusefp.o(.text) for __I$use$fp
    fabs.o(i.__softfp_fabs) refers (Special) to iusefp.o(.text) for __I$use$fp
    fabs.o(i.fabs) refers (Special) to iusefp.o(.text) for __I$use$fp
    fpclassify.o(i.__ARM_fpclassify) refers (Special) to iusefp.o(.text) for __I$use$fp
    poly.o(i.__kernel_poly) refers (Special) to iusefp.o(.text) for __I$use$fp
    poly.o(i.__kernel_poly) refers to dmul.o(.text) for __aeabi_dmul
    poly.o(i.__kernel_poly) refers to dadd.o(.text) for __aeabi_dadd
    qnan.o(.constdata) refers (Special) to iusefp.o(.text) for __I$use$fp
    sqrt.o(i.__hardfp_sqrt) refers (Special) to iusefp.o(.text) for __I$use$fp
    sqrt.o(i.__hardfp_sqrt) refers to dsqrt.o(.text) for _dsqrt
    sqrt.o(i.__hardfp_sqrt) refers to errno.o(i.__set_errno) for __set_errno
    sqrt.o(i.__softfp_sqrt) refers (Special) to iusefp.o(.text) for __I$use$fp
    sqrt.o(i.__softfp_sqrt) refers to dsqrt.o(.text) for _dsqrt
    sqrt.o(i.__softfp_sqrt) refers to errno.o(i.__set_errno) for __set_errno
    sqrt.o(i.sqrt) refers (Special) to iusefp.o(.text) for __I$use$fp
    sqrt.o(i.sqrt) refers to dsqrt.o(.text) for _dsqrt
    sqrt.o(i.sqrt) refers to errno.o(i.__set_errno) for __set_errno
    sqrt_x.o(i.____hardfp_sqrt$lsc) refers (Special) to iusefp.o(.text) for __I$use$fp
    sqrt_x.o(i.____hardfp_sqrt$lsc) refers to cdcmple.o(.text) for __aeabi_cdcmple
    sqrt_x.o(i.____hardfp_sqrt$lsc) refers to errno.o(i.__set_errno) for __set_errno
    sqrt_x.o(i.____hardfp_sqrt$lsc) refers to dsqrt.o(.text) for _dsqrt
    sqrt_x.o(i.____softfp_sqrt$lsc) refers (Special) to iusefp.o(.text) for __I$use$fp
    sqrt_x.o(i.____softfp_sqrt$lsc) refers to cdcmple.o(.text) for __aeabi_cdcmple
    sqrt_x.o(i.____softfp_sqrt$lsc) refers to errno.o(i.__set_errno) for __set_errno
    sqrt_x.o(i.____softfp_sqrt$lsc) refers to dsqrt.o(.text) for _dsqrt
    sqrt_x.o(i.__sqrt$lsc) refers (Special) to iusefp.o(.text) for __I$use$fp
    sqrt_x.o(i.__sqrt$lsc) refers to cdcmple.o(.text) for __aeabi_cdcmple
    sqrt_x.o(i.__sqrt$lsc) refers to errno.o(i.__set_errno) for __set_errno
    sqrt_x.o(i.__sqrt$lsc) refers to dsqrt.o(.text) for _dsqrt
    entry2.o(.ARM.Collect$$$$00000001) refers to entry2.o(.ARM.Collect$$$$00002712) for __lit__00000000
    entry2.o(.ARM.Collect$$$$00002712) refers to startup_stm32f4xx.o(STACK) for __initial_sp
    entry2.o(__vectab_stack_and_reset_area) refers to startup_stm32f4xx.o(STACK) for __initial_sp
    entry2.o(__vectab_stack_and_reset_area) refers to entry.o(.ARM.Collect$$$$00000000) for __main
    entry5.o(.ARM.Collect$$$$00000004) refers to init.o(.text) for __scatterload
    entry9a.o(.ARM.Collect$$$$0000000B) refers to main.o(i.main) for main
    entry9b.o(.ARM.Collect$$$$0000000C) refers to main.o(i.main) for main
    uldiv.o(.text) refers to llushr.o(.text) for __aeabi_llsr
    uldiv.o(.text) refers to llshl.o(.text) for __aeabi_llsl
    errno.o(i.__aeabi_errno_addr) refers to errno.o(.data) for .data
    errno.o(i.__read_errno) refers to errno.o(.data) for .data
    errno.o(i.__set_errno) refers to errno.o(.data) for .data
    depilogue.o(.text) refers to llshl.o(.text) for __aeabi_llsl
    depilogue.o(.text) refers to llushr.o(.text) for __aeabi_llsr
    ddiv.o(.text) refers to depilogue.o(.text) for _double_round
    dfixul.o(.text) refers to llushr.o(.text) for __aeabi_llsr
    dfixul.o(.text) refers to llshl.o(.text) for __aeabi_llsl
    init.o(.text) refers to entry5.o(.ARM.Collect$$$$00000004) for __main_after_scatterload
    dsqrt.o(.text) refers to llushr.o(.text) for __aeabi_llsr
    dsqrt.o(.text) refers to depilogue.o(.text) for _double_round


==============================================================================

Removing Unused input sections from the image.

    Removing main.o(.rev16_text), (4 bytes).
    Removing main.o(.revsh_text), (4 bytes).
    Removing main.o(.rrx_text), (6 bytes).
    Removing board.o(.rev16_text), (4 bytes).
    Removing board.o(.revsh_text), (4 bytes).
    Removing board.o(.rrx_text), (6 bytes).
    Removing usart.o(.rev16_text), (4 bytes).
    Removing usart.o(.revsh_text), (4 bytes).
    Removing usart.o(.rrx_text), (6 bytes).
    Removing usart.o(i.USART1_NVIC_Configuration), (32 bytes).
    Removing tools.o(.rev16_text), (4 bytes).
    Removing tools.o(.revsh_text), (4 bytes).
    Removing tools.o(.rrx_text), (6 bytes).
    Removing sccb.o(.rev16_text), (4 bytes).
    Removing sccb.o(.revsh_text), (4 bytes).
    Removing sccb.o(.rrx_text), (6 bytes).
    Removing sccb.o(i.SCCB_Ack), (56 bytes).
    Removing sccb.o(i.SCCB_CheckAck), (88 bytes).
    Removing sccb.o(i.SCCB_NAck), (60 bytes).
    Removing sccb.o(i.SCCB_ReadData), (92 bytes).
    Removing sccb.o(i.SCCB_ReadMode), (48 bytes).
    Removing sccb.o(i.SCCB_ReadReg), (118 bytes).
    Removing sccb.o(i.SCCB_SendData), (92 bytes).
    Removing sccb.o(i.SCCB_WriteReg), (86 bytes).
    Removing startup_stm32f4xx.o(HEAP), (65536 bytes).
    Removing system_stm32f4xx.o(.rev16_text), (4 bytes).
    Removing system_stm32f4xx.o(.revsh_text), (4 bytes).
    Removing system_stm32f4xx.o(.rrx_text), (6 bytes).
    Removing misc.o(.rev16_text), (4 bytes).
    Removing misc.o(.revsh_text), (4 bytes).
    Removing misc.o(.rrx_text), (6 bytes).
    Removing misc.o(i.NVIC_Init), (228 bytes).
    Removing misc.o(i.NVIC_PriorityGroupConfig), (116 bytes).
    Removing misc.o(i.NVIC_SetVectorTable), (124 bytes).
    Removing misc.o(i.NVIC_SystemLPConfig), (128 bytes).
    Removing misc.o(i.SysTick_CLKSourceConfig), (116 bytes).
    Removing stm32f4xx_crc.o(.rev16_text), (4 bytes).
    Removing stm32f4xx_crc.o(.revsh_text), (4 bytes).
    Removing stm32f4xx_crc.o(.rrx_text), (6 bytes).
    Removing stm32f4xx_crc.o(i.CRC_CalcBlockCRC), (36 bytes).
    Removing stm32f4xx_crc.o(i.CRC_CalcCRC), (16 bytes).
    Removing stm32f4xx_crc.o(i.CRC_GetCRC), (12 bytes).
    Removing stm32f4xx_crc.o(i.CRC_GetIDRegister), (12 bytes).
    Removing stm32f4xx_crc.o(i.CRC_ResetDR), (12 bytes).
    Removing stm32f4xx_crc.o(i.CRC_SetIDRegister), (12 bytes).
    Removing stm32f4xx_dma.o(.rev16_text), (4 bytes).
    Removing stm32f4xx_dma.o(.revsh_text), (4 bytes).
    Removing stm32f4xx_dma.o(.rrx_text), (6 bytes).
    Removing stm32f4xx_dma.o(i.DMA_ClearFlag), (52 bytes).
    Removing stm32f4xx_dma.o(i.DMA_ClearITPendingBit), (292 bytes).
    Removing stm32f4xx_dma.o(i.DMA_Cmd), (252 bytes).
    Removing stm32f4xx_dma.o(i.DMA_DeInit), (544 bytes).
    Removing stm32f4xx_dma.o(i.DMA_DoubleBufferModeCmd), (252 bytes).
    Removing stm32f4xx_dma.o(i.DMA_DoubleBufferModeConfig), (256 bytes).
    Removing stm32f4xx_dma.o(i.DMA_FlowControllerConfig), (252 bytes).
    Removing stm32f4xx_dma.o(i.DMA_GetCmdStatus), (228 bytes).
    Removing stm32f4xx_dma.o(i.DMA_GetCurrDataCounter), (216 bytes).
    Removing stm32f4xx_dma.o(i.DMA_GetCurrentMemoryTarget), (228 bytes).
    Removing stm32f4xx_dma.o(i.DMA_GetFIFOStatus), (220 bytes).
    Removing stm32f4xx_dma.o(i.DMA_GetFlagStatus), (616 bytes).
    Removing stm32f4xx_dma.o(i.DMA_GetITStatus), (720 bytes).
    Removing stm32f4xx_dma.o(i.DMA_ITConfig), (308 bytes).
    Removing stm32f4xx_dma.o(i.DMA_Init), (732 bytes).
    Removing stm32f4xx_dma.o(i.DMA_MemoryTargetConfig), (244 bytes).
    Removing stm32f4xx_dma.o(i.DMA_PeriphIncOffsetSizeConfig), (252 bytes).
    Removing stm32f4xx_dma.o(i.DMA_SetCurrDataCounter), (216 bytes).
    Removing stm32f4xx_dma.o(i.DMA_StructInit), (34 bytes).
    Removing stm32f4xx_exti.o(.rev16_text), (4 bytes).
    Removing stm32f4xx_exti.o(.revsh_text), (4 bytes).
    Removing stm32f4xx_exti.o(.rrx_text), (6 bytes).
    Removing stm32f4xx_exti.o(i.EXTI_ClearFlag), (96 bytes).
    Removing stm32f4xx_exti.o(i.EXTI_ClearITPendingBit), (100 bytes).
    Removing stm32f4xx_exti.o(i.EXTI_DeInit), (36 bytes).
    Removing stm32f4xx_exti.o(i.EXTI_GenerateSWInterrupt), (104 bytes).
    Removing stm32f4xx_exti.o(i.EXTI_GetFlagStatus), (224 bytes).
    Removing stm32f4xx_exti.o(i.EXTI_GetITStatus), (240 bytes).
    Removing stm32f4xx_exti.o(i.EXTI_Init), (304 bytes).
    Removing stm32f4xx_exti.o(i.EXTI_StructInit), (16 bytes).
    Removing stm32f4xx_gpio.o(.rev16_text), (4 bytes).
    Removing stm32f4xx_gpio.o(.revsh_text), (4 bytes).
    Removing stm32f4xx_gpio.o(.rrx_text), (6 bytes).
    Removing stm32f4xx_gpio.o(i.GPIO_DeInit), (384 bytes).
    Removing stm32f4xx_gpio.o(i.GPIO_PinLockConfig), (224 bytes).
    Removing stm32f4xx_gpio.o(i.GPIO_ReadInputData), (176 bytes).
    Removing stm32f4xx_gpio.o(i.GPIO_ReadInputDataBit), (284 bytes).
    Removing stm32f4xx_gpio.o(i.GPIO_ReadOutputData), (176 bytes).
    Removing stm32f4xx_gpio.o(i.GPIO_ReadOutputDataBit), (284 bytes).
    Removing stm32f4xx_gpio.o(i.GPIO_StructInit), (18 bytes).
    Removing stm32f4xx_gpio.o(i.GPIO_ToggleBits), (180 bytes).
    Removing stm32f4xx_gpio.o(i.GPIO_Write), (176 bytes).
    Removing stm32f4xx_gpio.o(i.GPIO_WriteBit), (296 bytes).
    Removing stm32f4xx_i2c.o(.rev16_text), (4 bytes).
    Removing stm32f4xx_i2c.o(.revsh_text), (4 bytes).
    Removing stm32f4xx_i2c.o(.rrx_text), (6 bytes).
    Removing stm32f4xx_i2c.o(i.I2C_ARPCmd), (152 bytes).
    Removing stm32f4xx_i2c.o(i.I2C_AcknowledgeConfig), (152 bytes).
    Removing stm32f4xx_i2c.o(i.I2C_CalculatePEC), (152 bytes).
    Removing stm32f4xx_i2c.o(i.I2C_CheckEvent), (332 bytes).
    Removing stm32f4xx_i2c.o(i.I2C_ClearFlag), (144 bytes).
    Removing stm32f4xx_i2c.o(i.I2C_ClearITPendingBit), (144 bytes).
    Removing stm32f4xx_i2c.o(i.I2C_Cmd), (152 bytes).
    Removing stm32f4xx_i2c.o(i.I2C_DMACmd), (152 bytes).
    Removing stm32f4xx_i2c.o(i.I2C_DMALastTransferCmd), (152 bytes).
    Removing stm32f4xx_i2c.o(i.I2C_DeInit), (184 bytes).
    Removing stm32f4xx_i2c.o(i.I2C_DualAddressCmd), (152 bytes).
    Removing stm32f4xx_i2c.o(i.I2C_FastModeDutyCycleConfig), (164 bytes).
    Removing stm32f4xx_i2c.o(i.I2C_GeneralCallCmd), (152 bytes).
    Removing stm32f4xx_i2c.o(i.I2C_GenerateSTART), (152 bytes).
    Removing stm32f4xx_i2c.o(i.I2C_GenerateSTOP), (152 bytes).
    Removing stm32f4xx_i2c.o(i.I2C_GetFlagStatus), (336 bytes).
    Removing stm32f4xx_i2c.o(i.I2C_GetITStatus), (280 bytes).
    Removing stm32f4xx_i2c.o(i.I2C_GetLastEvent), (136 bytes).
    Removing stm32f4xx_i2c.o(i.I2C_GetPEC), (112 bytes).
    Removing stm32f4xx_i2c.o(i.I2C_ITConfig), (168 bytes).
    Removing stm32f4xx_i2c.o(i.I2C_Init), (476 bytes).
    Removing stm32f4xx_i2c.o(i.I2C_NACKPositionConfig), (164 bytes).
    Removing stm32f4xx_i2c.o(i.I2C_OwnAddress2Config), (128 bytes).
    Removing stm32f4xx_i2c.o(i.I2C_PECPositionConfig), (164 bytes).
    Removing stm32f4xx_i2c.o(i.I2C_ReadRegister), (172 bytes).
    Removing stm32f4xx_i2c.o(i.I2C_ReceiveData), (112 bytes).
    Removing stm32f4xx_i2c.o(i.I2C_SMBusAlertConfig), (164 bytes).
    Removing stm32f4xx_i2c.o(i.I2C_Send7bitAddress), (144 bytes).
    Removing stm32f4xx_i2c.o(i.I2C_SendData), (112 bytes).
    Removing stm32f4xx_i2c.o(i.I2C_SoftwareResetCmd), (148 bytes).
    Removing stm32f4xx_i2c.o(i.I2C_StretchClockCmd), (152 bytes).
    Removing stm32f4xx_i2c.o(i.I2C_StructInit), (30 bytes).
    Removing stm32f4xx_i2c.o(i.I2C_TransmitPEC), (152 bytes).
    Removing stm32f4xx_rcc.o(.rev16_text), (4 bytes).
    Removing stm32f4xx_rcc.o(.revsh_text), (4 bytes).
    Removing stm32f4xx_rcc.o(.rrx_text), (6 bytes).
    Removing stm32f4xx_rcc.o(i.RCC_AHB1PeriphClockLPModeCmd), (140 bytes).
    Removing stm32f4xx_rcc.o(i.RCC_AHB1PeriphResetCmd), (140 bytes).
    Removing stm32f4xx_rcc.o(i.RCC_AHB2PeriphClockCmd), (136 bytes).
    Removing stm32f4xx_rcc.o(i.RCC_AHB2PeriphClockLPModeCmd), (136 bytes).
    Removing stm32f4xx_rcc.o(i.RCC_AHB2PeriphResetCmd), (136 bytes).
    Removing stm32f4xx_rcc.o(i.RCC_AHB3PeriphClockCmd), (136 bytes).
    Removing stm32f4xx_rcc.o(i.RCC_AHB3PeriphClockLPModeCmd), (136 bytes).
    Removing stm32f4xx_rcc.o(i.RCC_AHB3PeriphResetCmd), (136 bytes).
    Removing stm32f4xx_rcc.o(i.RCC_APB1PeriphClockCmd), (140 bytes).
    Removing stm32f4xx_rcc.o(i.RCC_APB1PeriphClockLPModeCmd), (140 bytes).
    Removing stm32f4xx_rcc.o(i.RCC_APB2PeriphClockLPModeCmd), (140 bytes).
    Removing stm32f4xx_rcc.o(i.RCC_AdjustHSICalibrationValue), (104 bytes).
    Removing stm32f4xx_rcc.o(i.RCC_BackupResetCmd), (92 bytes).
    Removing stm32f4xx_rcc.o(i.RCC_ClearFlag), (20 bytes).
    Removing stm32f4xx_rcc.o(i.RCC_ClearITPendingBit), (96 bytes).
    Removing stm32f4xx_rcc.o(i.RCC_ClockSecuritySystemCmd), (92 bytes).
    Removing stm32f4xx_rcc.o(i.RCC_DeInit), (72 bytes).
    Removing stm32f4xx_rcc.o(i.RCC_GetFlagStatus), (196 bytes).
    Removing stm32f4xx_rcc.o(i.RCC_GetITStatus), (128 bytes).
    Removing stm32f4xx_rcc.o(i.RCC_GetSYSCLKSource), (16 bytes).
    Removing stm32f4xx_rcc.o(i.RCC_HCLKConfig), (132 bytes).
    Removing stm32f4xx_rcc.o(i.RCC_HSEConfig), (100 bytes).
    Removing stm32f4xx_rcc.o(i.RCC_HSICmd), (92 bytes).
    Removing stm32f4xx_rcc.o(i.RCC_I2SCLKConfig), (92 bytes).
    Removing stm32f4xx_rcc.o(i.RCC_ITConfig), (136 bytes).
    Removing stm32f4xx_rcc.o(i.RCC_LSEConfig), (132 bytes).
    Removing stm32f4xx_rcc.o(i.RCC_LSICmd), (92 bytes).
    Removing stm32f4xx_rcc.o(i.RCC_MCO1Config), (164 bytes).
    Removing stm32f4xx_rcc.o(i.RCC_MCO2Config), (164 bytes).
    Removing stm32f4xx_rcc.o(i.RCC_PCLK1Config), (124 bytes).
    Removing stm32f4xx_rcc.o(i.RCC_PCLK2Config), (124 bytes).
    Removing stm32f4xx_rcc.o(i.RCC_PLLCmd), (92 bytes).
    Removing stm32f4xx_rcc.o(i.RCC_PLLConfig), (220 bytes).
    Removing stm32f4xx_rcc.o(i.RCC_PLLI2SCmd), (92 bytes).
    Removing stm32f4xx_rcc.o(i.RCC_PLLI2SConfig), (124 bytes).
    Removing stm32f4xx_rcc.o(i.RCC_RTCCLKCmd), (92 bytes).
    Removing stm32f4xx_rcc.o(i.RCC_RTCCLKConfig), (448 bytes).
    Removing stm32f4xx_rcc.o(i.RCC_SYSCLKConfig), (108 bytes).
    Removing stm32f4xx_rcc.o(i.RCC_WaitForHSEStartUp), (56 bytes).
    Removing stm32f4xx_spi.o(.rev16_text), (4 bytes).
    Removing stm32f4xx_spi.o(.revsh_text), (4 bytes).
    Removing stm32f4xx_spi.o(.rrx_text), (6 bytes).
    Removing stm32f4xx_spi.o(i.I2S_Cmd), (156 bytes).
    Removing stm32f4xx_spi.o(i.I2S_FullDuplexConfig), (312 bytes).
    Removing stm32f4xx_spi.o(i.I2S_Init), (588 bytes).
    Removing stm32f4xx_spi.o(i.I2S_StructInit), (20 bytes).
    Removing stm32f4xx_spi.o(i.SPI_BiDirectionalLineConfig), (164 bytes).
    Removing stm32f4xx_spi.o(i.SPI_CalculateCRC), (152 bytes).
    Removing stm32f4xx_spi.o(i.SPI_Cmd), (152 bytes).
    Removing stm32f4xx_spi.o(i.SPI_DataSizeConfig), (148 bytes).
    Removing stm32f4xx_spi.o(i.SPI_GetCRC), (144 bytes).
    Removing stm32f4xx_spi.o(i.SPI_GetCRCPolynomial), (112 bytes).
    Removing stm32f4xx_spi.o(i.SPI_I2S_ClearFlag), (148 bytes).
    Removing stm32f4xx_spi.o(i.SPI_I2S_ClearITPendingBit), (20 bytes).
    Removing stm32f4xx_spi.o(i.SPI_I2S_DMACmd), (184 bytes).
    Removing stm32f4xx_spi.o(i.SPI_I2S_DeInit), (176 bytes).
    Removing stm32f4xx_spi.o(i.SPI_I2S_GetFlagStatus), (192 bytes).
    Removing stm32f4xx_spi.o(i.SPI_I2S_GetITStatus), (228 bytes).
    Removing stm32f4xx_spi.o(i.SPI_I2S_ITConfig), (208 bytes).
    Removing stm32f4xx_spi.o(i.SPI_I2S_ReceiveData), (128 bytes).
    Removing stm32f4xx_spi.o(i.SPI_I2S_SendData), (128 bytes).
    Removing stm32f4xx_spi.o(i.SPI_Init), (420 bytes).
    Removing stm32f4xx_spi.o(i.SPI_NSSInternalSoftwareConfig), (164 bytes).
    Removing stm32f4xx_spi.o(i.SPI_SSOutputCmd), (152 bytes).
    Removing stm32f4xx_spi.o(i.SPI_StructInit), (24 bytes).
    Removing stm32f4xx_spi.o(i.SPI_TIModeCmd), (152 bytes).
    Removing stm32f4xx_spi.o(i.SPI_TransmitCRC), (116 bytes).
    Removing stm32f4xx_usart.o(.rev16_text), (4 bytes).
    Removing stm32f4xx_usart.o(.revsh_text), (4 bytes).
    Removing stm32f4xx_usart.o(.rrx_text), (6 bytes).
    Removing stm32f4xx_usart.o(i.USART_ClearFlag), (216 bytes).
    Removing stm32f4xx_usart.o(i.USART_ClockInit), (248 bytes).
    Removing stm32f4xx_usart.o(i.USART_ClockStructInit), (12 bytes).
    Removing stm32f4xx_usart.o(i.USART_DMACmd), (204 bytes).
    Removing stm32f4xx_usart.o(i.USART_HalfDuplexCmd), (184 bytes).
    Removing stm32f4xx_usart.o(i.USART_IrDACmd), (184 bytes).
    Removing stm32f4xx_usart.o(i.USART_IrDAConfig), (180 bytes).
    Removing stm32f4xx_usart.o(i.USART_LINBreakDetectLengthConfig), (180 bytes).
    Removing stm32f4xx_usart.o(i.USART_LINCmd), (184 bytes).
    Removing stm32f4xx_usart.o(i.USART_OneBitMethodCmd), (184 bytes).
    Removing stm32f4xx_usart.o(i.USART_ReceiverWakeUpCmd), (184 bytes).
    Removing stm32f4xx_usart.o(i.USART_SendBreak), (152 bytes).
    Removing stm32f4xx_usart.o(i.USART_SetAddress), (176 bytes).
    Removing stm32f4xx_usart.o(i.USART_SetGuardTime), (140 bytes).
    Removing stm32f4xx_usart.o(i.USART_SetPrescaler), (160 bytes).
    Removing stm32f4xx_usart.o(i.USART_SmartCardCmd), (164 bytes).
    Removing stm32f4xx_usart.o(i.USART_SmartCardNACKCmd), (164 bytes).
    Removing stm32f4xx_usart.o(i.USART_StructInit), (24 bytes).
    Removing stm32f4xx_usart.o(i.USART_WakeUpConfig), (180 bytes).
    Removing stm32f4xx_tim.o(.rev16_text), (4 bytes).
    Removing stm32f4xx_tim.o(.revsh_text), (4 bytes).
    Removing stm32f4xx_tim.o(.rrx_text), (6 bytes).
    Removing stm32f4xx_tim.o(i.TI1_Config), (58 bytes).
    Removing stm32f4xx_tim.o(i.TI2_Config), (80 bytes).
    Removing stm32f4xx_tim.o(i.TI3_Config), (72 bytes).
    Removing stm32f4xx_tim.o(i.TI4_Config), (80 bytes).
    Removing stm32f4xx_tim.o(i.TIM_ARRPreloadConfig), (256 bytes).
    Removing stm32f4xx_tim.o(i.TIM_BDTRConfig), (292 bytes).
    Removing stm32f4xx_tim.o(i.TIM_BDTRStructInit), (18 bytes).
    Removing stm32f4xx_tim.o(i.TIM_CCPreloadControl), (140 bytes).
    Removing stm32f4xx_tim.o(i.TIM_CCxCmd), (272 bytes).
    Removing stm32f4xx_tim.o(i.TIM_CCxNCmd), (172 bytes).
    Removing stm32f4xx_tim.o(i.TIM_ClearFlag), (220 bytes).
    Removing stm32f4xx_tim.o(i.TIM_ClearITPendingBit), (220 bytes).
    Removing stm32f4xx_tim.o(i.TIM_ClearOC1Ref), (228 bytes).
    Removing stm32f4xx_tim.o(i.TIM_ClearOC2Ref), (196 bytes).
    Removing stm32f4xx_tim.o(i.TIM_ClearOC3Ref), (168 bytes).
    Removing stm32f4xx_tim.o(i.TIM_ClearOC4Ref), (176 bytes).
    Removing stm32f4xx_tim.o(i.TIM_Cmd), (256 bytes).
    Removing stm32f4xx_tim.o(i.TIM_CounterModeConfig), (180 bytes).
    Removing stm32f4xx_tim.o(i.TIM_CtrlPWMOutputs), (148 bytes).
    Removing stm32f4xx_tim.o(i.TIM_DMACmd), (216 bytes).
    Removing stm32f4xx_tim.o(i.TIM_DMAConfig), (352 bytes).
    Removing stm32f4xx_tim.o(i.TIM_DeInit), (552 bytes).
    Removing stm32f4xx_tim.o(i.TIM_ETRClockMode1Config), (252 bytes).
    Removing stm32f4xx_tim.o(i.TIM_ETRClockMode2Config), (232 bytes).
    Removing stm32f4xx_tim.o(i.TIM_ETRConfig), (244 bytes).
    Removing stm32f4xx_tim.o(i.TIM_EncoderInterfaceConfig), (316 bytes).
    Removing stm32f4xx_tim.o(i.TIM_ForcedOC1Config), (232 bytes).
    Removing stm32f4xx_tim.o(i.TIM_ForcedOC2Config), (200 bytes).
    Removing stm32f4xx_tim.o(i.TIM_ForcedOC3Config), (172 bytes).
    Removing stm32f4xx_tim.o(i.TIM_ForcedOC4Config), (180 bytes).
    Removing stm32f4xx_tim.o(i.TIM_GenerateEvent), (240 bytes).
    Removing stm32f4xx_tim.o(i.TIM_GetCapture1), (196 bytes).
    Removing stm32f4xx_tim.o(i.TIM_GetCapture2), (156 bytes).
    Removing stm32f4xx_tim.o(i.TIM_GetCapture3), (136 bytes).
    Removing stm32f4xx_tim.o(i.TIM_GetCapture4), (136 bytes).
    Removing stm32f4xx_tim.o(i.TIM_GetCounter), (216 bytes).
    Removing stm32f4xx_tim.o(i.TIM_GetFlagStatus), (300 bytes).
    Removing stm32f4xx_tim.o(i.TIM_GetITStatus), (300 bytes).
    Removing stm32f4xx_tim.o(i.TIM_GetPrescaler), (216 bytes).
    Removing stm32f4xx_tim.o(i.TIM_ICInit), (564 bytes).
    Removing stm32f4xx_tim.o(i.TIM_ICStructInit), (18 bytes).
    Removing stm32f4xx_tim.o(i.TIM_ITConfig), (272 bytes).
    Removing stm32f4xx_tim.o(i.TIM_ITRxExternalClockConfig), (200 bytes).
    Removing stm32f4xx_tim.o(i.TIM_InternalClockConfig), (164 bytes).
    Removing stm32f4xx_tim.o(i.TIM_OC1FastConfig), (228 bytes).
    Removing stm32f4xx_tim.o(i.TIM_OC1Init), (504 bytes).
    Removing stm32f4xx_tim.o(i.TIM_OC1NPolarityConfig), (132 bytes).
    Removing stm32f4xx_tim.o(i.TIM_OC1PolarityConfig), (228 bytes).
    Removing stm32f4xx_tim.o(i.TIM_OC1PreloadConfig), (228 bytes).
    Removing stm32f4xx_tim.o(i.TIM_OC2FastConfig), (196 bytes).
    Removing stm32f4xx_tim.o(i.TIM_OC2Init), (504 bytes).
    Removing stm32f4xx_tim.o(i.TIM_OC2NPolarityConfig), (140 bytes).
    Removing stm32f4xx_tim.o(i.TIM_OC2PolarityConfig), (196 bytes).
    Removing stm32f4xx_tim.o(i.TIM_OC2PreloadConfig), (196 bytes).
    Removing stm32f4xx_tim.o(i.TIM_OC3FastConfig), (168 bytes).
    Removing stm32f4xx_tim.o(i.TIM_OC3Init), (480 bytes).
    Removing stm32f4xx_tim.o(i.TIM_OC3NPolarityConfig), (140 bytes).
    Removing stm32f4xx_tim.o(i.TIM_OC3PolarityConfig), (176 bytes).
    Removing stm32f4xx_tim.o(i.TIM_OC3PreloadConfig), (168 bytes).
    Removing stm32f4xx_tim.o(i.TIM_OC4FastConfig), (176 bytes).
    Removing stm32f4xx_tim.o(i.TIM_OC4Init), (372 bytes).
    Removing stm32f4xx_tim.o(i.TIM_OC4PolarityConfig), (176 bytes).
    Removing stm32f4xx_tim.o(i.TIM_OC4PreloadConfig), (176 bytes).
    Removing stm32f4xx_tim.o(i.TIM_OCStructInit), (20 bytes).
    Removing stm32f4xx_tim.o(i.TIM_PWMIConfig), (272 bytes).
    Removing stm32f4xx_tim.o(i.TIM_PrescalerConfig), (240 bytes).
    Removing stm32f4xx_tim.o(i.TIM_RemapConfig), (164 bytes).
    Removing stm32f4xx_tim.o(i.TIM_SelectCCDMA), (176 bytes).
    Removing stm32f4xx_tim.o(i.TIM_SelectCOM), (140 bytes).
    Removing stm32f4xx_tim.o(i.TIM_SelectHallSensor), (196 bytes).
    Removing stm32f4xx_tim.o(i.TIM_SelectInputTrigger), (252 bytes).
    Removing stm32f4xx_tim.o(i.TIM_SelectMasterSlaveMode), (192 bytes).
    Removing stm32f4xx_tim.o(i.TIM_SelectOCxM), (356 bytes).
    Removing stm32f4xx_tim.o(i.TIM_SelectOnePulseMode), (252 bytes).
    Removing stm32f4xx_tim.o(i.TIM_SelectOutputTrigger), (216 bytes).
    Removing stm32f4xx_tim.o(i.TIM_SelectSlaveMode), (200 bytes).
    Removing stm32f4xx_tim.o(i.TIM_SetAutoreload), (220 bytes).
    Removing stm32f4xx_tim.o(i.TIM_SetClockDivision), (240 bytes).
    Removing stm32f4xx_tim.o(i.TIM_SetCompare1), (200 bytes).
    Removing stm32f4xx_tim.o(i.TIM_SetCompare2), (160 bytes).
    Removing stm32f4xx_tim.o(i.TIM_SetCompare3), (140 bytes).
    Removing stm32f4xx_tim.o(i.TIM_SetCompare4), (140 bytes).
    Removing stm32f4xx_tim.o(i.TIM_SetCounter), (220 bytes).
    Removing stm32f4xx_tim.o(i.TIM_SetIC1Prescaler), (240 bytes).
    Removing stm32f4xx_tim.o(i.TIM_SetIC2Prescaler), (208 bytes).
    Removing stm32f4xx_tim.o(i.TIM_SetIC3Prescaler), (180 bytes).
    Removing stm32f4xx_tim.o(i.TIM_SetIC4Prescaler), (188 bytes).
    Removing stm32f4xx_tim.o(i.TIM_TIxExternalClockConfig), (288 bytes).
    Removing stm32f4xx_tim.o(i.TIM_TimeBaseInit), (392 bytes).
    Removing stm32f4xx_tim.o(i.TIM_TimeBaseStructInit), (18 bytes).
    Removing stm32f4xx_tim.o(i.TIM_UpdateDisableConfig), (256 bytes).
    Removing stm32f4xx_tim.o(i.TIM_UpdateRequestConfig), (256 bytes).
    Removing stm32f4xx_iwdg.o(.rev16_text), (4 bytes).
    Removing stm32f4xx_iwdg.o(.revsh_text), (4 bytes).
    Removing stm32f4xx_iwdg.o(.rrx_text), (6 bytes).
    Removing stm32f4xx_iwdg.o(i.IWDG_Enable), (16 bytes).
    Removing stm32f4xx_iwdg.o(i.IWDG_GetFlagStatus), (112 bytes).
    Removing stm32f4xx_iwdg.o(i.IWDG_ReloadCounter), (16 bytes).
    Removing stm32f4xx_iwdg.o(i.IWDG_SetPrescaler), (116 bytes).
    Removing stm32f4xx_iwdg.o(i.IWDG_SetReload), (96 bytes).
    Removing stm32f4xx_iwdg.o(i.IWDG_WriteAccessCmd), (100 bytes).
    Removing dneg.o(.text), (6 bytes).
    Removing dfixul.o(.text), (48 bytes).
    Removing cdcmple.o(.text), (48 bytes).

326 unused section(s) (total 115010 bytes) removed from the image.

==============================================================================

Image Symbol Table

    Local Symbols

    Symbol Name                              Value     Ov Type        Size  Object(Section)

    ../clib/microlib/division.c              0x00000000   Number         0  uldiv.o ABSOLUTE
    ../clib/microlib/division.c              0x00000000   Number         0  uidiv.o ABSOLUTE
    ../clib/microlib/errno.c                 0x00000000   Number         0  errno.o ABSOLUTE
    ../clib/microlib/init/entry.s            0x00000000   Number         0  entry8b.o ABSOLUTE
    ../clib/microlib/init/entry.s            0x00000000   Number         0  entry11a.o ABSOLUTE
    ../clib/microlib/init/entry.s            0x00000000   Number         0  entry2.o ABSOLUTE
    ../clib/microlib/init/entry.s            0x00000000   Number         0  entry10b.o ABSOLUTE
    ../clib/microlib/init/entry.s            0x00000000   Number         0  entry10a.o ABSOLUTE
    ../clib/microlib/init/entry.s            0x00000000   Number         0  entry9b.o ABSOLUTE
    ../clib/microlib/init/entry.s            0x00000000   Number         0  entry9a.o ABSOLUTE
    ../clib/microlib/init/entry.s            0x00000000   Number         0  entry5.o ABSOLUTE
    ../clib/microlib/init/entry.s            0x00000000   Number         0  entry.o ABSOLUTE
    ../clib/microlib/init/entry.s            0x00000000   Number         0  entry7a.o ABSOLUTE
    ../clib/microlib/init/entry.s            0x00000000   Number         0  entry7b.o ABSOLUTE
    ../clib/microlib/init/entry.s            0x00000000   Number         0  entry11b.o ABSOLUTE
    ../clib/microlib/init/entry.s            0x00000000   Number         0  entry8a.o ABSOLUTE
    ../clib/microlib/longlong.c              0x00000000   Number         0  llsshr.o ABSOLUTE
    ../clib/microlib/longlong.c              0x00000000   Number         0  llushr.o ABSOLUTE
    ../clib/microlib/longlong.c              0x00000000   Number         0  llshl.o ABSOLUTE
    ../clib/microlib/printf/printf.c         0x00000000   Number         0  printf0.o ABSOLUTE
    ../clib/microlib/printf/printf.c         0x00000000   Number         0  printf6.o ABSOLUTE
    ../clib/microlib/printf/printf.c         0x00000000   Number         0  printf5.o ABSOLUTE
    ../clib/microlib/printf/printf.c         0x00000000   Number         0  printf4.o ABSOLUTE
    ../clib/microlib/printf/printf.c         0x00000000   Number         0  printf3.o ABSOLUTE
    ../clib/microlib/printf/printf.c         0x00000000   Number         0  printf2.o ABSOLUTE
    ../clib/microlib/printf/printf.c         0x00000000   Number         0  printf1.o ABSOLUTE
    ../clib/microlib/printf/printf.c         0x00000000   Number         0  printf7.o ABSOLUTE
    ../clib/microlib/printf/printf.c         0x00000000   Number         0  printfb.o ABSOLUTE
    ../clib/microlib/printf/printf.c         0x00000000   Number         0  printf8.o ABSOLUTE
    ../clib/microlib/printf/printf.c         0x00000000   Number         0  printfa.o ABSOLUTE
    ../clib/microlib/printf/stubs.s          0x00000000   Number         0  stubs.o ABSOLUTE
    ../clib/microlib/stdio/streams.c         0x00000000   Number         0  stdout.o ABSOLUTE
    ../clib/microlib/stubs.s                 0x00000000   Number         0  iusefp.o ABSOLUTE
    ../fplib/microlib/fpadd.c                0x00000000   Number         0  dadd.o ABSOLUTE
    ../fplib/microlib/fpdiv.c                0x00000000   Number         0  ddiv.o ABSOLUTE
    ../fplib/microlib/fpepilogue.c           0x00000000   Number         0  depilogue.o ABSOLUTE
    ../fplib/microlib/fpfix.c                0x00000000   Number         0  dfixi.o ABSOLUTE
    ../fplib/microlib/fpfix.c                0x00000000   Number         0  dfixul.o ABSOLUTE
    ../fplib/microlib/fpflt.c                0x00000000   Number         0  dflti.o ABSOLUTE
    ../fplib/microlib/fpmul.c                0x00000000   Number         0  dmul.o ABSOLUTE
    ../fplib/microlib/fpneg.c                0x00000000   Number         0  dneg.o ABSOLUTE
    ../fplib/microlib/fpscalb.c              0x00000000   Number         0  dscalb.o ABSOLUTE
    ../fplib/microlib/fpsqrt.c               0x00000000   Number         0  dsqrt.o ABSOLUTE
    ../mathlib/dunder.c                      0x00000000   Number         0  dunder.o ABSOLUTE
    ../mathlib/fabs.c                        0x00000000   Number         0  fabs.o ABSOLUTE
    ../mathlib/fpclassify.c                  0x00000000   Number         0  fpclassify.o ABSOLUTE
    ../mathlib/poly.c                        0x00000000   Number         0  poly.o ABSOLUTE
    ../mathlib/pow.c                         0x00000000   Number         0  pow_x.o ABSOLUTE
    ../mathlib/pow.c                         0x00000000   Number         0  pow.o ABSOLUTE
    ../mathlib/qnan.c                        0x00000000   Number         0  qnan.o ABSOLUTE
    ../mathlib/sqrt.c                        0x00000000   Number         0  sqrt_x.o ABSOLUTE
    ../mathlib/sqrt.c                        0x00000000   Number         0  sqrt.o ABSOLUTE
    ..\Applications\board.c                  0x00000000   Number         0  board.o ABSOLUTE
    ..\Applications\main.c                   0x00000000   Number         0  main.o ABSOLUTE
    ..\Drivers\sccb.c                        0x00000000   Number         0  sccb.o ABSOLUTE
    ..\Drivers\tools.c                       0x00000000   Number         0  tools.o ABSOLUTE
    ..\Drivers\usart.c                       0x00000000   Number         0  usart.o ABSOLUTE
    ..\Libraries\CMSIS\ST\STM32F4xx\Source\Templates\arm\startup_stm32f4xx.s 0x00000000   Number         0  startup_stm32f4xx.o ABSOLUTE
    ..\Libraries\CMSIS\ST\STM32F4xx\Source\Templates\system_stm32f4xx.c 0x00000000   Number         0  system_stm32f4xx.o ABSOLUTE
    ..\Libraries\STM32F4xx_StdPeriph_Driver\src\misc.c 0x00000000   Number         0  misc.o ABSOLUTE
    ..\Libraries\STM32F4xx_StdPeriph_Driver\src\stm32f4xx_crc.c 0x00000000   Number         0  stm32f4xx_crc.o ABSOLUTE
    ..\Libraries\STM32F4xx_StdPeriph_Driver\src\stm32f4xx_dma.c 0x00000000   Number         0  stm32f4xx_dma.o ABSOLUTE
    ..\Libraries\STM32F4xx_StdPeriph_Driver\src\stm32f4xx_exti.c 0x00000000   Number         0  stm32f4xx_exti.o ABSOLUTE
    ..\Libraries\STM32F4xx_StdPeriph_Driver\src\stm32f4xx_gpio.c 0x00000000   Number         0  stm32f4xx_gpio.o ABSOLUTE
    ..\Libraries\STM32F4xx_StdPeriph_Driver\src\stm32f4xx_i2c.c 0x00000000   Number         0  stm32f4xx_i2c.o ABSOLUTE
    ..\Libraries\STM32F4xx_StdPeriph_Driver\src\stm32f4xx_iwdg.c 0x00000000   Number         0  stm32f4xx_iwdg.o ABSOLUTE
    ..\Libraries\STM32F4xx_StdPeriph_Driver\src\stm32f4xx_rcc.c 0x00000000   Number         0  stm32f4xx_rcc.o ABSOLUTE
    ..\Libraries\STM32F4xx_StdPeriph_Driver\src\stm32f4xx_spi.c 0x00000000   Number         0  stm32f4xx_spi.o ABSOLUTE
    ..\Libraries\STM32F4xx_StdPeriph_Driver\src\stm32f4xx_tim.c 0x00000000   Number         0  stm32f4xx_tim.o ABSOLUTE
    ..\Libraries\STM32F4xx_StdPeriph_Driver\src\stm32f4xx_usart.c 0x00000000   Number         0  stm32f4xx_usart.o ABSOLUTE
    ..\\Applications\\board.c                0x00000000   Number         0  board.o ABSOLUTE
    ..\\Applications\\main.c                 0x00000000   Number         0  main.o ABSOLUTE
    ..\\Drivers\\sccb.c                      0x00000000   Number         0  sccb.o ABSOLUTE
    ..\\Drivers\\tools.c                     0x00000000   Number         0  tools.o ABSOLUTE
    ..\\Drivers\\usart.c                     0x00000000   Number         0  usart.o ABSOLUTE
    ..\\Libraries\\CMSIS\\ST\\STM32F4xx\\Source\\Templates\\system_stm32f4xx.c 0x00000000   Number         0  system_stm32f4xx.o ABSOLUTE
    ..\\Libraries\\STM32F4xx_StdPeriph_Driver\\src\\misc.c 0x00000000   Number         0  misc.o ABSOLUTE
    ..\\Libraries\\STM32F4xx_StdPeriph_Driver\\src\\stm32f4xx_crc.c 0x00000000   Number         0  stm32f4xx_crc.o ABSOLUTE
    ..\\Libraries\\STM32F4xx_StdPeriph_Driver\\src\\stm32f4xx_dma.c 0x00000000   Number         0  stm32f4xx_dma.o ABSOLUTE
    ..\\Libraries\\STM32F4xx_StdPeriph_Driver\\src\\stm32f4xx_exti.c 0x00000000   Number         0  stm32f4xx_exti.o ABSOLUTE
    ..\\Libraries\\STM32F4xx_StdPeriph_Driver\\src\\stm32f4xx_gpio.c 0x00000000   Number         0  stm32f4xx_gpio.o ABSOLUTE
    ..\\Libraries\\STM32F4xx_StdPeriph_Driver\\src\\stm32f4xx_i2c.c 0x00000000   Number         0  stm32f4xx_i2c.o ABSOLUTE
    ..\\Libraries\\STM32F4xx_StdPeriph_Driver\\src\\stm32f4xx_iwdg.c 0x00000000   Number         0  stm32f4xx_iwdg.o ABSOLUTE
    ..\\Libraries\\STM32F4xx_StdPeriph_Driver\\src\\stm32f4xx_rcc.c 0x00000000   Number         0  stm32f4xx_rcc.o ABSOLUTE
    ..\\Libraries\\STM32F4xx_StdPeriph_Driver\\src\\stm32f4xx_spi.c 0x00000000   Number         0  stm32f4xx_spi.o ABSOLUTE
    ..\\Libraries\\STM32F4xx_StdPeriph_Driver\\src\\stm32f4xx_tim.c 0x00000000   Number         0  stm32f4xx_tim.o ABSOLUTE
    ..\\Libraries\\STM32F4xx_StdPeriph_Driver\\src\\stm32f4xx_usart.c 0x00000000   Number         0  stm32f4xx_usart.o ABSOLUTE
    cdcmple.s                                0x00000000   Number         0  cdcmple.o ABSOLUTE
    cdrcmple.s                               0x00000000   Number         0  cdrcmple.o ABSOLUTE
    dc.s                                     0x00000000   Number         0  dc.o ABSOLUTE
    handlers.s                               0x00000000   Number         0  handlers.o ABSOLUTE
    init.s                                   0x00000000   Number         0  init.o ABSOLUTE
    RESET                                    0x08000000   Section      392  startup_stm32f4xx.o(RESET)
    .ARM.Collect$$$$00000000                 0x08000188   Section        0  entry.o(.ARM.Collect$$$$00000000)
    .ARM.Collect$$$$00000001                 0x08000188   Section        4  entry2.o(.ARM.Collect$$$$00000001)
    .ARM.Collect$$$$00000004                 0x0800018c   Section        4  entry5.o(.ARM.Collect$$$$00000004)
    .ARM.Collect$$$$00000008                 0x08000190   Section        0  entry7b.o(.ARM.Collect$$$$00000008)
    .ARM.Collect$$$$0000000A                 0x08000190   Section        0  entry8b.o(.ARM.Collect$$$$0000000A)
    .ARM.Collect$$$$0000000B                 0x08000190   Section        8  entry9a.o(.ARM.Collect$$$$0000000B)
    .ARM.Collect$$$$0000000D                 0x08000198   Section        0  entry10a.o(.ARM.Collect$$$$0000000D)
    .ARM.Collect$$$$0000000F                 0x08000198   Section        0  entry11a.o(.ARM.Collect$$$$0000000F)
    .ARM.Collect$$$$00002712                 0x08000198   Section        4  entry2.o(.ARM.Collect$$$$00002712)
    __lit__00000000                          0x08000198   Data           4  entry2.o(.ARM.Collect$$$$00002712)
    .text                                    0x0800019c   Section       36  startup_stm32f4xx.o(.text)
    $v0                                      0x0800019c   Number         0  startup_stm32f4xx.o(.text)
    .text                                    0x080001c0   Section        0  dadd.o(.text)
    .text                                    0x0800030e   Section        0  dmul.o(.text)
    .text                                    0x080003f2   Section        0  dflti.o(.text)
    .text                                    0x08000414   Section        0  dfixi.o(.text)
    .text                                    0x08000452   Section        0  uldiv.o(.text)
    .text                                    0x080004b4   Section        0  llshl.o(.text)
    .text                                    0x080004d2   Section        0  llushr.o(.text)
    .text                                    0x080004f2   Section        0  llsshr.o(.text)
    .text                                    0x08000516   Section        0  depilogue.o(.text)
    .text                                    0x08000516   Section        0  iusefp.o(.text)
    .text                                    0x080005d0   Section        0  ddiv.o(.text)
    .text                                    0x080006ae   Section        0  dscalb.o(.text)
    .text                                    0x080006dc   Section       48  cdrcmple.o(.text)
    .text                                    0x0800070c   Section       36  init.o(.text)
    .text                                    0x08000730   Section        0  dsqrt.o(.text)
    i.Board_GetSystemClock                   0x080007d4   Section        0  board.o(i.Board_GetSystemClock)
    i.GPIO_Init                              0x0800083c   Section        0  stm32f4xx_gpio.o(i.GPIO_Init)
    i.GPIO_PinAFConfig                       0x080009f8   Section        0  stm32f4xx_gpio.o(i.GPIO_PinAFConfig)
    i.GPIO_ResetBits                         0x08000bb0   Section        0  stm32f4xx_gpio.o(i.GPIO_ResetBits)
    i.GPIO_SetBits                           0x08000c74   Section        0  stm32f4xx_gpio.o(i.GPIO_SetBits)
    i.RCC_AHB1PeriphClockCmd                 0x08000d38   Section        0  stm32f4xx_rcc.o(i.RCC_AHB1PeriphClockCmd)
    i.RCC_APB1PeriphResetCmd                 0x08000dc4   Section        0  stm32f4xx_rcc.o(i.RCC_APB1PeriphResetCmd)
    i.RCC_APB2PeriphClockCmd                 0x08000e50   Section        0  stm32f4xx_rcc.o(i.RCC_APB2PeriphClockCmd)
    i.RCC_APB2PeriphResetCmd                 0x08000edc   Section        0  stm32f4xx_rcc.o(i.RCC_APB2PeriphResetCmd)
    i.RCC_GetClocksFreq                      0x08000f68   Section        0  stm32f4xx_rcc.o(i.RCC_GetClocksFreq)
    i.SCCB_GPIO_Configuration                0x08001050   Section        0  sccb.o(i.SCCB_GPIO_Configuration)
    SCCB_GPIO_Configuration                  0x08001051   Thumb Code    46  sccb.o(i.SCCB_GPIO_Configuration)
    i.SCCB_Init                              0x08001084   Section        0  sccb.o(i.SCCB_Init)
    i.SCCB_Start                             0x08001098   Section        0  sccb.o(i.SCCB_Start)
    SCCB_Start                               0x08001099   Thumb Code    62  sccb.o(i.SCCB_Start)
    i.SCCB_Stop                              0x080010dc   Section        0  sccb.o(i.SCCB_Stop)
    SCCB_Stop                                0x080010dd   Thumb Code    46  sccb.o(i.SCCB_Stop)
    i.SCCB_WriteMode                         0x08001110   Section        0  sccb.o(i.SCCB_WriteMode)
    SCCB_WriteMode                           0x08001111   Thumb Code    46  sccb.o(i.SCCB_WriteMode)
    i.SetSysClock                            0x08001144   Section        0  system_stm32f4xx.o(i.SetSysClock)
    SetSysClock                              0x08001145   Thumb Code   214  system_stm32f4xx.o(i.SetSysClock)
    i.SystemCoreClockUpdate                  0x0800122c   Section        0  system_stm32f4xx.o(i.SystemCoreClockUpdate)
    i.SystemInit                             0x080012ec   Section        0  system_stm32f4xx.o(i.SystemInit)
    i.UART1_Configuration                    0x08001358   Section        0  usart.o(i.UART1_Configuration)
    i.USART1_IRQHandler                      0x08001408   Section        0  usart.o(i.USART1_IRQHandler)
    i.USART_ClearITPendingBit                0x08001474   Section        0  stm32f4xx_usart.o(i.USART_ClearITPendingBit)
    i.USART_Cmd                              0x08001570   Section        0  stm32f4xx_usart.o(i.USART_Cmd)
    i.USART_DeInit                           0x08001628   Section        0  stm32f4xx_usart.o(i.USART_DeInit)
    i.USART_GetFlagStatus                    0x0800174c   Section        0  stm32f4xx_usart.o(i.USART_GetFlagStatus)
    i.USART_GetITStatus                      0x08001850   Section        0  stm32f4xx_usart.o(i.USART_GetITStatus)
    i.USART_ITConfig                         0x080019c0   Section        0  stm32f4xx_usart.o(i.USART_ITConfig)
    i.USART_Init                             0x08001b1c   Section        0  stm32f4xx_usart.o(i.USART_Init)
    i.USART_OverSampling8Cmd                 0x08001d40   Section        0  stm32f4xx_usart.o(i.USART_OverSampling8Cmd)
    i.USART_ReceiveData                      0x08001df8   Section        0  stm32f4xx_usart.o(i.USART_ReceiveData)
    i.USART_SendData                         0x08001e8c   Section        0  stm32f4xx_usart.o(i.USART_SendData)
    i.__0printf$5                            0x08001f34   Section        0  printf5.o(i.__0printf$5)
    i.__ARM_fpclassify                       0x08001f54   Section        0  fpclassify.o(i.__ARM_fpclassify)
    i.__hardfp_pow                           0x08001f88   Section        0  pow.o(i.__hardfp_pow)
    i.__kernel_poly                          0x08002bd8   Section        0  poly.o(i.__kernel_poly)
    i.__mathlib_dbl_divzero                  0x08002cd0   Section        0  dunder.o(i.__mathlib_dbl_divzero)
    i.__mathlib_dbl_infnan2                  0x08002d00   Section        0  dunder.o(i.__mathlib_dbl_infnan2)
    i.__mathlib_dbl_invalid                  0x08002d18   Section        0  dunder.o(i.__mathlib_dbl_invalid)
    i.__mathlib_dbl_overflow                 0x08002d38   Section        0  dunder.o(i.__mathlib_dbl_overflow)
    i.__mathlib_dbl_underflow                0x08002d58   Section        0  dunder.o(i.__mathlib_dbl_underflow)
    i.__scatterload_copy                     0x08002d78   Section       14  handlers.o(i.__scatterload_copy)
    i.__scatterload_null                     0x08002d86   Section        2  handlers.o(i.__scatterload_null)
    i.__scatterload_zeroinit                 0x08002d88   Section       14  handlers.o(i.__scatterload_zeroinit)
    i.__set_errno                            0x08002d98   Section        0  errno.o(i.__set_errno)
    i._printf_core                           0x08002da4   Section        0  printf5.o(i._printf_core)
    _printf_core                             0x08002da5   Thumb Code   658  printf5.o(i._printf_core)
    i.assert_failed                          0x08003064   Section        0  tools.o(i.assert_failed)
    i.delay_ms                               0x0800308c   Section        0  tools.o(i.delay_ms)
    i.delay_us                               0x080030c4   Section        0  tools.o(i.delay_us)
    i.fabs                                   0x080030fa   Section        0  fabs.o(i.fabs)
    i.fputc                                  0x08003114   Section        0  usart.o(i.fputc)
    i.main                                   0x08003138   Section        0  main.o(i.main)
    i.sqrt                                   0x08003168   Section        0  sqrt.o(i.sqrt)
    i.tools_str2num                          0x080031d8   Section        0  tools.o(i.tools_str2num)
    .constdata                               0x08003318   Section      136  pow.o(.constdata)
    bp                                       0x08003318   Data          16  pow.o(.constdata)
    dp_h                                     0x08003328   Data          16  pow.o(.constdata)
    dp_l                                     0x08003338   Data          16  pow.o(.constdata)
    L                                        0x08003348   Data          48  pow.o(.constdata)
    P                                        0x08003378   Data          40  pow.o(.constdata)
    .constdata                               0x080033a0   Section        8  qnan.o(.constdata)
    .data                                    0x20000000   Section        4  usart.o(.data)
    str_len                                  0x20000003   Data           1  usart.o(.data)
    .data                                    0x20000004   Section       20  system_stm32f4xx.o(.data)
    .data                                    0x20000018   Section       16  stm32f4xx_rcc.o(.data)
    APBAHBPrescTable                         0x20000018   Data          16  stm32f4xx_rcc.o(.data)
    .data                                    0x20000028   Section        4  stdout.o(.data)
    .data                                    0x2000002c   Section        4  errno.o(.data)
    _errno                                   0x2000002c   Data           4  errno.o(.data)
    .bss                                     0x20000030   Section       10  usart.o(.bss)
    str_data                                 0x20000030   Data          10  usart.o(.bss)
    STACK                                    0x20000040   Section     1024  startup_stm32f4xx.o(STACK)

    Global Symbols

    Symbol Name                              Value     Ov Type        Size  Object(Section)

    BuildAttributes$$THM_ISAv4$E$P$D$K$B$S$7EM$VFPi3$EXTD16$VFPS$VFMA$PE$A:L22UL41UL21$X:L11$S22US41US21$IEEE1$IW$USESV6$~STKCKD$USESV7$~SHL$OTIME$ROPI$IEEEX$EBA8$MICROLIB$REQ8$PRES8$EABIv2 0x00000000   Number         0  anon$$obj.o ABSOLUTE
    __ARM_use_no_argv                        0x00000000   Number         0  main.o ABSOLUTE
    _printf_a                                0x00000000   Number         0  stubs.o ABSOLUTE
    _printf_c                                0x00000000   Number         0  stubs.o ABSOLUTE
    _printf_charcount                        0x00000000   Number         0  stubs.o ABSOLUTE
    _printf_d                                0x00000000   Number         0  stubs.o ABSOLUTE
    _printf_e                                0x00000000   Number         0  stubs.o ABSOLUTE
    _printf_f                                0x00000000   Number         0  stubs.o ABSOLUTE
    _printf_flags                            0x00000000   Number         0  stubs.o ABSOLUTE
    _printf_fp_dec                           0x00000000   Number         0  stubs.o ABSOLUTE
    _printf_fp_hex                           0x00000000   Number         0  stubs.o ABSOLUTE
    _printf_g                                0x00000000   Number         0  stubs.o ABSOLUTE
    _printf_i                                0x00000000   Number         0  stubs.o ABSOLUTE
    _printf_int_dec                          0x00000000   Number         0  stubs.o ABSOLUTE
    _printf_l                                0x00000000   Number         0  stubs.o ABSOLUTE
    _printf_lc                               0x00000000   Number         0  stubs.o ABSOLUTE
    _printf_ll                               0x00000000   Number         0  stubs.o ABSOLUTE
    _printf_lld                              0x00000000   Number         0  stubs.o ABSOLUTE
    _printf_lli                              0x00000000   Number         0  stubs.o ABSOLUTE
    _printf_llo                              0x00000000   Number         0  stubs.o ABSOLUTE
    _printf_llu                              0x00000000   Number         0  stubs.o ABSOLUTE
    _printf_llx                              0x00000000   Number         0  stubs.o ABSOLUTE
    _printf_longlong_dec                     0x00000000   Number         0  stubs.o ABSOLUTE
    _printf_longlong_hex                     0x00000000   Number         0  stubs.o ABSOLUTE
    _printf_longlong_oct                     0x00000000   Number         0  stubs.o ABSOLUTE
    _printf_ls                               0x00000000   Number         0  stubs.o ABSOLUTE
    _printf_mbtowc                           0x00000000   Number         0  stubs.o ABSOLUTE
    _printf_n                                0x00000000   Number         0  stubs.o ABSOLUTE
    _printf_o                                0x00000000   Number         0  stubs.o ABSOLUTE
    _printf_p                                0x00000000   Number         0  stubs.o ABSOLUTE
    _printf_percent                          0x00000000   Number         0  stubs.o ABSOLUTE
    _printf_pre_padding                      0x00000000   Number         0  stubs.o ABSOLUTE
    _printf_return_value                     0x00000000   Number         0  stubs.o ABSOLUTE
    _printf_s                                0x00000000   Number         0  stubs.o ABSOLUTE
    _printf_sizespec                         0x00000000   Number         0  stubs.o ABSOLUTE
    _printf_str                              0x00000000   Number         0  stubs.o ABSOLUTE
    _printf_truncate_signed                  0x00000000   Number         0  stubs.o ABSOLUTE
    _printf_truncate_unsigned                0x00000000   Number         0  stubs.o ABSOLUTE
    _printf_u                                0x00000000   Number         0  stubs.o ABSOLUTE
    _printf_wc                               0x00000000   Number         0  stubs.o ABSOLUTE
    _printf_wctomb                           0x00000000   Number         0  stubs.o ABSOLUTE
    _printf_widthprec                        0x00000000   Number         0  stubs.o ABSOLUTE
    _printf_x                                0x00000000   Number         0  stubs.o ABSOLUTE
    __cpp_initialize__aeabi_                  - Undefined Weak Reference
    __cxa_finalize                            - Undefined Weak Reference
    __decompress                              - Undefined Weak Reference
    _clock_init                               - Undefined Weak Reference
    _microlib_exit                            - Undefined Weak Reference
    __Vectors_Size                           0x00000188   Number         0  startup_stm32f4xx.o ABSOLUTE
    __Vectors                                0x08000000   Data           4  startup_stm32f4xx.o(RESET)
    __Vectors_End                            0x08000188   Data           0  startup_stm32f4xx.o(RESET)
    __main                                   0x08000189   Thumb Code     0  entry.o(.ARM.Collect$$$$00000000)
    _main_stk                                0x08000189   Thumb Code     0  entry2.o(.ARM.Collect$$$$00000001)
    _main_scatterload                        0x0800018d   Thumb Code     0  entry5.o(.ARM.Collect$$$$00000004)
    __main_after_scatterload                 0x08000191   Thumb Code     0  entry5.o(.ARM.Collect$$$$00000004)
    _main_clock                              0x08000191   Thumb Code     0  entry7b.o(.ARM.Collect$$$$00000008)
    _main_cpp_init                           0x08000191   Thumb Code     0  entry8b.o(.ARM.Collect$$$$0000000A)
    _main_init                               0x08000191   Thumb Code     0  entry9a.o(.ARM.Collect$$$$0000000B)
    __rt_final_cpp                           0x08000199   Thumb Code     0  entry10a.o(.ARM.Collect$$$$0000000D)
    __rt_final_exit                          0x08000199   Thumb Code     0  entry11a.o(.ARM.Collect$$$$0000000F)
    Reset_Handler                            0x0800019d   Thumb Code     8  startup_stm32f4xx.o(.text)
    NMI_Handler                              0x080001a5   Thumb Code     2  startup_stm32f4xx.o(.text)
    HardFault_Handler                        0x080001a7   Thumb Code     2  startup_stm32f4xx.o(.text)
    MemManage_Handler                        0x080001a9   Thumb Code     2  startup_stm32f4xx.o(.text)
    BusFault_Handler                         0x080001ab   Thumb Code     2  startup_stm32f4xx.o(.text)
    UsageFault_Handler                       0x080001ad   Thumb Code     2  startup_stm32f4xx.o(.text)
    SVC_Handler                              0x080001af   Thumb Code     2  startup_stm32f4xx.o(.text)
    DebugMon_Handler                         0x080001b1   Thumb Code     2  startup_stm32f4xx.o(.text)
    PendSV_Handler                           0x080001b3   Thumb Code     2  startup_stm32f4xx.o(.text)
    SysTick_Handler                          0x080001b5   Thumb Code     2  startup_stm32f4xx.o(.text)
    ADC_IRQHandler                           0x080001b7   Thumb Code     0  startup_stm32f4xx.o(.text)
    CAN1_RX0_IRQHandler                      0x080001b7   Thumb Code     0  startup_stm32f4xx.o(.text)
    CAN1_RX1_IRQHandler                      0x080001b7   Thumb Code     0  startup_stm32f4xx.o(.text)
    CAN1_SCE_IRQHandler                      0x080001b7   Thumb Code     0  startup_stm32f4xx.o(.text)
    CAN1_TX_IRQHandler                       0x080001b7   Thumb Code     0  startup_stm32f4xx.o(.text)
    CAN2_RX0_IRQHandler                      0x080001b7   Thumb Code     0  startup_stm32f4xx.o(.text)
    CAN2_RX1_IRQHandler                      0x080001b7   Thumb Code     0  startup_stm32f4xx.o(.text)
    CAN2_SCE_IRQHandler                      0x080001b7   Thumb Code     0  startup_stm32f4xx.o(.text)
    CAN2_TX_IRQHandler                       0x080001b7   Thumb Code     0  startup_stm32f4xx.o(.text)
    CRYP_IRQHandler                          0x080001b7   Thumb Code     0  startup_stm32f4xx.o(.text)
    DCMI_IRQHandler                          0x080001b7   Thumb Code     0  startup_stm32f4xx.o(.text)
    DMA1_Stream0_IRQHandler                  0x080001b7   Thumb Code     0  startup_stm32f4xx.o(.text)
    DMA1_Stream1_IRQHandler                  0x080001b7   Thumb Code     0  startup_stm32f4xx.o(.text)
    DMA1_Stream2_IRQHandler                  0x080001b7   Thumb Code     0  startup_stm32f4xx.o(.text)
    DMA1_Stream3_IRQHandler                  0x080001b7   Thumb Code     0  startup_stm32f4xx.o(.text)
    DMA1_Stream4_IRQHandler                  0x080001b7   Thumb Code     0  startup_stm32f4xx.o(.text)
    DMA1_Stream5_IRQHandler                  0x080001b7   Thumb Code     0  startup_stm32f4xx.o(.text)
    DMA1_Stream6_IRQHandler                  0x080001b7   Thumb Code     0  startup_stm32f4xx.o(.text)
    DMA1_Stream7_IRQHandler                  0x080001b7   Thumb Code     0  startup_stm32f4xx.o(.text)
    DMA2_Stream0_IRQHandler                  0x080001b7   Thumb Code     0  startup_stm32f4xx.o(.text)
    DMA2_Stream1_IRQHandler                  0x080001b7   Thumb Code     0  startup_stm32f4xx.o(.text)
    DMA2_Stream2_IRQHandler                  0x080001b7   Thumb Code     0  startup_stm32f4xx.o(.text)
    DMA2_Stream3_IRQHandler                  0x080001b7   Thumb Code     0  startup_stm32f4xx.o(.text)
    DMA2_Stream4_IRQHandler                  0x080001b7   Thumb Code     0  startup_stm32f4xx.o(.text)
    DMA2_Stream5_IRQHandler                  0x080001b7   Thumb Code     0  startup_stm32f4xx.o(.text)
    DMA2_Stream6_IRQHandler                  0x080001b7   Thumb Code     0  startup_stm32f4xx.o(.text)
    DMA2_Stream7_IRQHandler                  0x080001b7   Thumb Code     0  startup_stm32f4xx.o(.text)
    ETH_IRQHandler                           0x080001b7   Thumb Code     0  startup_stm32f4xx.o(.text)
    ETH_WKUP_IRQHandler                      0x080001b7   Thumb Code     0  startup_stm32f4xx.o(.text)
    EXTI0_IRQHandler                         0x080001b7   Thumb Code     0  startup_stm32f4xx.o(.text)
    EXTI15_10_IRQHandler                     0x080001b7   Thumb Code     0  startup_stm32f4xx.o(.text)
    EXTI1_IRQHandler                         0x080001b7   Thumb Code     0  startup_stm32f4xx.o(.text)
    EXTI2_IRQHandler                         0x080001b7   Thumb Code     0  startup_stm32f4xx.o(.text)
    EXTI3_IRQHandler                         0x080001b7   Thumb Code     0  startup_stm32f4xx.o(.text)
    EXTI4_IRQHandler                         0x080001b7   Thumb Code     0  startup_stm32f4xx.o(.text)
    EXTI9_5_IRQHandler                       0x080001b7   Thumb Code     0  startup_stm32f4xx.o(.text)
    FLASH_IRQHandler                         0x080001b7   Thumb Code     0  startup_stm32f4xx.o(.text)
    FPU_IRQHandler                           0x080001b7   Thumb Code     0  startup_stm32f4xx.o(.text)
    FSMC_IRQHandler                          0x080001b7   Thumb Code     0  startup_stm32f4xx.o(.text)
    HASH_RNG_IRQHandler                      0x080001b7   Thumb Code     0  startup_stm32f4xx.o(.text)
    I2C1_ER_IRQHandler                       0x080001b7   Thumb Code     0  startup_stm32f4xx.o(.text)
    I2C1_EV_IRQHandler                       0x080001b7   Thumb Code     0  startup_stm32f4xx.o(.text)
    I2C2_ER_IRQHandler                       0x080001b7   Thumb Code     0  startup_stm32f4xx.o(.text)
    I2C2_EV_IRQHandler                       0x080001b7   Thumb Code     0  startup_stm32f4xx.o(.text)
    I2C3_ER_IRQHandler                       0x080001b7   Thumb Code     0  startup_stm32f4xx.o(.text)
    I2C3_EV_IRQHandler                       0x080001b7   Thumb Code     0  startup_stm32f4xx.o(.text)
    OTG_FS_IRQHandler                        0x080001b7   Thumb Code     0  startup_stm32f4xx.o(.text)
    OTG_FS_WKUP_IRQHandler                   0x080001b7   Thumb Code     0  startup_stm32f4xx.o(.text)
    OTG_HS_EP1_IN_IRQHandler                 0x080001b7   Thumb Code     0  startup_stm32f4xx.o(.text)
    OTG_HS_EP1_OUT_IRQHandler                0x080001b7   Thumb Code     0  startup_stm32f4xx.o(.text)
    OTG_HS_IRQHandler                        0x080001b7   Thumb Code     0  startup_stm32f4xx.o(.text)
    OTG_HS_WKUP_IRQHandler                   0x080001b7   Thumb Code     0  startup_stm32f4xx.o(.text)
    PVD_IRQHandler                           0x080001b7   Thumb Code     0  startup_stm32f4xx.o(.text)
    RCC_IRQHandler                           0x080001b7   Thumb Code     0  startup_stm32f4xx.o(.text)
    RTC_Alarm_IRQHandler                     0x080001b7   Thumb Code     0  startup_stm32f4xx.o(.text)
    RTC_WKUP_IRQHandler                      0x080001b7   Thumb Code     0  startup_stm32f4xx.o(.text)
    SDIO_IRQHandler                          0x080001b7   Thumb Code     0  startup_stm32f4xx.o(.text)
    SPI1_IRQHandler                          0x080001b7   Thumb Code     0  startup_stm32f4xx.o(.text)
    SPI2_IRQHandler                          0x080001b7   Thumb Code     0  startup_stm32f4xx.o(.text)
    SPI3_IRQHandler                          0x080001b7   Thumb Code     0  startup_stm32f4xx.o(.text)
    TAMP_STAMP_IRQHandler                    0x080001b7   Thumb Code     0  startup_stm32f4xx.o(.text)
    TIM1_BRK_TIM9_IRQHandler                 0x080001b7   Thumb Code     0  startup_stm32f4xx.o(.text)
    TIM1_CC_IRQHandler                       0x080001b7   Thumb Code     0  startup_stm32f4xx.o(.text)
    TIM1_TRG_COM_TIM11_IRQHandler            0x080001b7   Thumb Code     0  startup_stm32f4xx.o(.text)
    TIM1_UP_TIM10_IRQHandler                 0x080001b7   Thumb Code     0  startup_stm32f4xx.o(.text)
    TIM2_IRQHandler                          0x080001b7   Thumb Code     0  startup_stm32f4xx.o(.text)
    TIM3_IRQHandler                          0x080001b7   Thumb Code     0  startup_stm32f4xx.o(.text)
    TIM4_IRQHandler                          0x080001b7   Thumb Code     0  startup_stm32f4xx.o(.text)
    TIM5_IRQHandler                          0x080001b7   Thumb Code     0  startup_stm32f4xx.o(.text)
    TIM6_DAC_IRQHandler                      0x080001b7   Thumb Code     0  startup_stm32f4xx.o(.text)
    TIM7_IRQHandler                          0x080001b7   Thumb Code     0  startup_stm32f4xx.o(.text)
    TIM8_BRK_TIM12_IRQHandler                0x080001b7   Thumb Code     0  startup_stm32f4xx.o(.text)
    TIM8_CC_IRQHandler                       0x080001b7   Thumb Code     0  startup_stm32f4xx.o(.text)
    TIM8_TRG_COM_TIM14_IRQHandler            0x080001b7   Thumb Code     0  startup_stm32f4xx.o(.text)
    TIM8_UP_TIM13_IRQHandler                 0x080001b7   Thumb Code     0  startup_stm32f4xx.o(.text)
    UART4_IRQHandler                         0x080001b7   Thumb Code     0  startup_stm32f4xx.o(.text)
    UART5_IRQHandler                         0x080001b7   Thumb Code     0  startup_stm32f4xx.o(.text)
    USART2_IRQHandler                        0x080001b7   Thumb Code     0  startup_stm32f4xx.o(.text)
    USART3_IRQHandler                        0x080001b7   Thumb Code     0  startup_stm32f4xx.o(.text)
    USART6_IRQHandler                        0x080001b7   Thumb Code     0  startup_stm32f4xx.o(.text)
    WWDG_IRQHandler                          0x080001b7   Thumb Code     0  startup_stm32f4xx.o(.text)
    __aeabi_dadd                             0x080001c1   Thumb Code   322  dadd.o(.text)
    __aeabi_dsub                             0x08000303   Thumb Code     6  dadd.o(.text)
    __aeabi_drsub                            0x08000309   Thumb Code     6  dadd.o(.text)
    __aeabi_dmul                             0x0800030f   Thumb Code   228  dmul.o(.text)
    __aeabi_i2d                              0x080003f3   Thumb Code    34  dflti.o(.text)
    __aeabi_d2iz                             0x08000415   Thumb Code    62  dfixi.o(.text)
    __aeabi_uldivmod                         0x08000453   Thumb Code    98  uldiv.o(.text)
    __aeabi_llsl                             0x080004b5   Thumb Code    30  llshl.o(.text)
    _ll_shift_l                              0x080004b5   Thumb Code     0  llshl.o(.text)
    __aeabi_llsr                             0x080004d3   Thumb Code    32  llushr.o(.text)
    _ll_ushift_r                             0x080004d3   Thumb Code     0  llushr.o(.text)
    __aeabi_lasr                             0x080004f3   Thumb Code    36  llsshr.o(.text)
    _ll_sshift_r                             0x080004f3   Thumb Code     0  llsshr.o(.text)
    __I$use$fp                               0x08000517   Thumb Code     0  iusefp.o(.text)
    _double_round                            0x08000517   Thumb Code    30  depilogue.o(.text)
    _double_epilogue                         0x08000535   Thumb Code   156  depilogue.o(.text)
    __aeabi_ddiv                             0x080005d1   Thumb Code   222  ddiv.o(.text)
    __ARM_scalbn                             0x080006af   Thumb Code    46  dscalb.o(.text)
    scalbn                                   0x080006af   Thumb Code     0  dscalb.o(.text)
    __aeabi_cdrcmple                         0x080006dd   Thumb Code    48  cdrcmple.o(.text)
    __scatterload                            0x0800070d   Thumb Code    28  init.o(.text)
    __scatterload_rt2                        0x0800070d   Thumb Code     0  init.o(.text)
    _dsqrt                                   0x08000731   Thumb Code   162  dsqrt.o(.text)
    Board_GetSystemClock                     0x080007d5   Thumb Code    42  board.o(i.Board_GetSystemClock)
    GPIO_Init                                0x0800083d   Thumb Code   342  stm32f4xx_gpio.o(i.GPIO_Init)
    GPIO_PinAFConfig                         0x080009f9   Thumb Code   338  stm32f4xx_gpio.o(i.GPIO_PinAFConfig)
    GPIO_ResetBits                           0x08000bb1   Thumb Code    94  stm32f4xx_gpio.o(i.GPIO_ResetBits)
    GPIO_SetBits                             0x08000c75   Thumb Code    94  stm32f4xx_gpio.o(i.GPIO_SetBits)
    RCC_AHB1PeriphClockCmd                   0x08000d39   Thumb Code    70  stm32f4xx_rcc.o(i.RCC_AHB1PeriphClockCmd)
    RCC_APB1PeriphResetCmd                   0x08000dc5   Thumb Code    70  stm32f4xx_rcc.o(i.RCC_APB1PeriphResetCmd)
    RCC_APB2PeriphClockCmd                   0x08000e51   Thumb Code    70  stm32f4xx_rcc.o(i.RCC_APB2PeriphClockCmd)
    RCC_APB2PeriphResetCmd                   0x08000edd   Thumb Code    70  stm32f4xx_rcc.o(i.RCC_APB2PeriphResetCmd)
    RCC_GetClocksFreq                        0x08000f69   Thumb Code   214  stm32f4xx_rcc.o(i.RCC_GetClocksFreq)
    SCCB_Init                                0x08001085   Thumb Code    20  sccb.o(i.SCCB_Init)
    SystemCoreClockUpdate                    0x0800122d   Thumb Code   170  system_stm32f4xx.o(i.SystemCoreClockUpdate)
    SystemInit                               0x080012ed   Thumb Code    92  system_stm32f4xx.o(i.SystemInit)
    UART1_Configuration                      0x08001359   Thumb Code   166  usart.o(i.UART1_Configuration)
    USART1_IRQHandler                        0x08001409   Thumb Code    86  usart.o(i.USART1_IRQHandler)
    USART_ClearITPendingBit                  0x08001475   Thumb Code   164  stm32f4xx_usart.o(i.USART_ClearITPendingBit)
    USART_Cmd                                0x08001571   Thumb Code    96  stm32f4xx_usart.o(i.USART_Cmd)
    USART_DeInit                             0x08001629   Thumb Code   202  stm32f4xx_usart.o(i.USART_DeInit)
    USART_GetFlagStatus                      0x0800174d   Thumb Code   170  stm32f4xx_usart.o(i.USART_GetFlagStatus)
    USART_GetITStatus                        0x08001851   Thumb Code   278  stm32f4xx_usart.o(i.USART_GetITStatus)
    USART_ITConfig                           0x080019c1   Thumb Code   260  stm32f4xx_usart.o(i.USART_ITConfig)
    USART_Init                               0x08001b1d   Thumb Code   456  stm32f4xx_usart.o(i.USART_Init)
    USART_OverSampling8Cmd                   0x08001d41   Thumb Code    94  stm32f4xx_usart.o(i.USART_OverSampling8Cmd)
    USART_ReceiveData                        0x08001df9   Thumb Code    60  stm32f4xx_usart.o(i.USART_ReceiveData)
    USART_SendData                           0x08001e8d   Thumb Code    80  stm32f4xx_usart.o(i.USART_SendData)
    __0printf$5                              0x08001f35   Thumb Code    22  printf5.o(i.__0printf$5)
    __1printf$5                              0x08001f35   Thumb Code     0  printf5.o(i.__0printf$5)
    __2printf                                0x08001f35   Thumb Code     0  printf5.o(i.__0printf$5)
    __ARM_fpclassify                         0x08001f55   Thumb Code    48  fpclassify.o(i.__ARM_fpclassify)
    __hardfp_pow                             0x08001f89   Thumb Code  3072  pow.o(i.__hardfp_pow)
    __kernel_poly                            0x08002bd9   Thumb Code   248  poly.o(i.__kernel_poly)
    __mathlib_dbl_divzero                    0x08002cd1   Thumb Code    28  dunder.o(i.__mathlib_dbl_divzero)
    __mathlib_dbl_infnan2                    0x08002d01   Thumb Code    20  dunder.o(i.__mathlib_dbl_infnan2)
    __mathlib_dbl_invalid                    0x08002d19   Thumb Code    24  dunder.o(i.__mathlib_dbl_invalid)
    __mathlib_dbl_overflow                   0x08002d39   Thumb Code    24  dunder.o(i.__mathlib_dbl_overflow)
    __mathlib_dbl_underflow                  0x08002d59   Thumb Code    24  dunder.o(i.__mathlib_dbl_underflow)
    __scatterload_copy                       0x08002d79   Thumb Code    14  handlers.o(i.__scatterload_copy)
    __scatterload_null                       0x08002d87   Thumb Code     2  handlers.o(i.__scatterload_null)
    __scatterload_zeroinit                   0x08002d89   Thumb Code    14  handlers.o(i.__scatterload_zeroinit)
    __set_errno                              0x08002d99   Thumb Code     6  errno.o(i.__set_errno)
    assert_failed                            0x08003065   Thumb Code    18  tools.o(i.assert_failed)
    delay_ms                                 0x0800308d   Thumb Code    56  tools.o(i.delay_ms)
    delay_us                                 0x080030c5   Thumb Code    54  tools.o(i.delay_us)
    fabs                                     0x080030fb   Thumb Code    24  fabs.o(i.fabs)
    fputc                                    0x08003115   Thumb Code    32  usart.o(i.fputc)
    main                                     0x08003139   Thumb Code    30  main.o(i.main)
    sqrt                                     0x08003169   Thumb Code   110  sqrt.o(i.sqrt)
    tools_str2num                            0x080031d9   Thumb Code   286  tools.o(i.tools_str2num)
    __mathlib_zero                           0x080033a0   Data           8  qnan.o(.constdata)
    Region$$Table$$Base                      0x080033a8   Number         0  anon$$obj.o(Region$$Table)
    Region$$Table$$Limit                     0x080033c8   Number         0  anon$$obj.o(Region$$Table)
    data                                     0x20000000   Data           2  usart.o(.data)
    str_flag                                 0x20000002   Data           1  usart.o(.data)
    SystemCoreClock                          0x20000004   Data           4  system_stm32f4xx.o(.data)
    AHBPrescTable                            0x20000008   Data          16  system_stm32f4xx.o(.data)
    __stdout                                 0x20000028   Data           4  stdout.o(.data)
    __initial_sp                             0x20000440   Data           0  startup_stm32f4xx.o(STACK)



==============================================================================

Memory Map of the image

  Image Entry point : 0x08000189

  Load Region LR_IROM1 (Base: 0x08000000, Size: 0x000033f8, Max: 0x00080000, ABSOLUTE)

    Execution Region ER_IROM1 (Base: 0x08000000, Size: 0x000033c8, Max: 0x00080000, ABSOLUTE)

    Base Addr    Size         Type   Attr      Idx    E Section Name        Object

    0x08000000   0x00000188   Data   RO          304    RESET               startup_stm32f4xx.o
    0x08000188   0x00000000   Code   RO         2249  * .ARM.Collect$$$$00000000  mc_w.l(entry.o)
    0x08000188   0x00000004   Code   RO         2558    .ARM.Collect$$$$00000001  mc_w.l(entry2.o)
    0x0800018c   0x00000004   Code   RO         2561    .ARM.Collect$$$$00000004  mc_w.l(entry5.o)
    0x08000190   0x00000000   Code   RO         2563    .ARM.Collect$$$$00000008  mc_w.l(entry7b.o)
    0x08000190   0x00000000   Code   RO         2565    .ARM.Collect$$$$0000000A  mc_w.l(entry8b.o)
    0x08000190   0x00000008   Code   RO         2566    .ARM.Collect$$$$0000000B  mc_w.l(entry9a.o)
    0x08000198   0x00000000   Code   RO         2568    .ARM.Collect$$$$0000000D  mc_w.l(entry10a.o)
    0x08000198   0x00000000   Code   RO         2570    .ARM.Collect$$$$0000000F  mc_w.l(entry11a.o)
    0x08000198   0x00000004   Code   RO         2559    .ARM.Collect$$$$00002712  mc_w.l(entry2.o)
    0x0800019c   0x00000024   Code   RO          305    .text               startup_stm32f4xx.o
    0x080001c0   0x0000014e   Code   RO         2513    .text               mf_w.l(dadd.o)
    0x0800030e   0x000000e4   Code   RO         2515    .text               mf_w.l(dmul.o)
    0x080003f2   0x00000022   Code   RO         2517    .text               mf_w.l(dflti.o)
    0x08000414   0x0000003e   Code   RO         2519    .text               mf_w.l(dfixi.o)
    0x08000452   0x00000062   Code   RO         2575    .text               mc_w.l(uldiv.o)
    0x080004b4   0x0000001e   Code   RO         2577    .text               mc_w.l(llshl.o)
    0x080004d2   0x00000020   Code   RO         2579    .text               mc_w.l(llushr.o)
    0x080004f2   0x00000024   Code   RO         2581    .text               mc_w.l(llsshr.o)
    0x08000516   0x00000000   Code   RO         2590    .text               mc_w.l(iusefp.o)
    0x08000516   0x000000ba   Code   RO         2591    .text               mf_w.l(depilogue.o)
    0x080005d0   0x000000de   Code   RO         2593    .text               mf_w.l(ddiv.o)
    0x080006ae   0x0000002e   Code   RO         2597    .text               mf_w.l(dscalb.o)
    0x080006dc   0x00000030   Code   RO         2601    .text               mf_w.l(cdrcmple.o)
    0x0800070c   0x00000024   Code   RO         2603    .text               mc_w.l(init.o)
    0x08000730   0x000000a2   Code   RO         2605    .text               mf_w.l(dsqrt.o)
    0x080007d2   0x00000002   PAD
    0x080007d4   0x00000068   Code   RO          107    i.Board_GetSystemClock  board.o
    0x0800083c   0x000001bc   Code   RO          657    i.GPIO_Init         stm32f4xx_gpio.o
    0x080009f8   0x000001b8   Code   RO          658    i.GPIO_PinAFConfig  stm32f4xx_gpio.o
    0x08000bb0   0x000000c4   Code   RO          664    i.GPIO_ResetBits    stm32f4xx_gpio.o
    0x08000c74   0x000000c4   Code   RO          665    i.GPIO_SetBits      stm32f4xx_gpio.o
    0x08000d38   0x0000008c   Code   RO          974    i.RCC_AHB1PeriphClockCmd  stm32f4xx_rcc.o
    0x08000dc4   0x0000008c   Code   RO          985    i.RCC_APB1PeriphResetCmd  stm32f4xx_rcc.o
    0x08000e50   0x0000008c   Code   RO          986    i.RCC_APB2PeriphClockCmd  stm32f4xx_rcc.o
    0x08000edc   0x0000008c   Code   RO          988    i.RCC_APB2PeriphResetCmd  stm32f4xx_rcc.o
    0x08000f68   0x000000e8   Code   RO          995    i.RCC_GetClocksFreq  stm32f4xx_rcc.o
    0x08001050   0x00000034   Code   RO          221    i.SCCB_GPIO_Configuration  sccb.o
    0x08001084   0x00000014   Code   RO          222    i.SCCB_Init         sccb.o
    0x08001098   0x00000044   Code   RO          228    i.SCCB_Start        sccb.o
    0x080010dc   0x00000034   Code   RO          229    i.SCCB_Stop         sccb.o
    0x08001110   0x00000034   Code   RO          230    i.SCCB_WriteMode    sccb.o
    0x08001144   0x000000e8   Code   RO          312    i.SetSysClock       system_stm32f4xx.o
    0x0800122c   0x000000c0   Code   RO          313    i.SystemCoreClockUpdate  system_stm32f4xx.o
    0x080012ec   0x0000006c   Code   RO          314    i.SystemInit        system_stm32f4xx.o
    0x08001358   0x000000b0   Code   RO          131    i.UART1_Configuration  usart.o
    0x08001408   0x0000006c   Code   RO          132    i.USART1_IRQHandler  usart.o
    0x08001474   0x000000fc   Code   RO         1427    i.USART_ClearITPendingBit  stm32f4xx_usart.o
    0x08001570   0x000000b8   Code   RO         1430    i.USART_Cmd         stm32f4xx_usart.o
    0x08001628   0x00000124   Code   RO         1432    i.USART_DeInit      stm32f4xx_usart.o
    0x0800174c   0x00000104   Code   RO         1433    i.USART_GetFlagStatus  stm32f4xx_usart.o
    0x08001850   0x00000170   Code   RO         1434    i.USART_GetITStatus  stm32f4xx_usart.o
    0x080019c0   0x0000015c   Code   RO         1436    i.USART_ITConfig    stm32f4xx_usart.o
    0x08001b1c   0x00000224   Code   RO         1437    i.USART_Init        stm32f4xx_usart.o
    0x08001d40   0x000000b8   Code   RO         1443    i.USART_OverSampling8Cmd  stm32f4xx_usart.o
    0x08001df8   0x00000094   Code   RO         1444    i.USART_ReceiveData  stm32f4xx_usart.o
    0x08001e8c   0x000000a8   Code   RO         1447    i.USART_SendData    stm32f4xx_usart.o
    0x08001f34   0x00000020   Code   RO         2385    i.__0printf$5       mc_w.l(printf5.o)
    0x08001f54   0x00000030   Code   RO         2541    i.__ARM_fpclassify  m_wm.l(fpclassify.o)
    0x08001f84   0x00000004   PAD
    0x08001f88   0x00000c50   Code   RO         2235    i.__hardfp_pow      m_wm.l(pow.o)
    0x08002bd8   0x000000f8   Code   RO         2543    i.__kernel_poly     m_wm.l(poly.o)
    0x08002cd0   0x00000030   Code   RO         2521    i.__mathlib_dbl_divzero  m_wm.l(dunder.o)
    0x08002d00   0x00000014   Code   RO         2523    i.__mathlib_dbl_infnan2  m_wm.l(dunder.o)
    0x08002d14   0x00000004   PAD
    0x08002d18   0x00000020   Code   RO         2524    i.__mathlib_dbl_invalid  m_wm.l(dunder.o)
    0x08002d38   0x00000020   Code   RO         2525    i.__mathlib_dbl_overflow  m_wm.l(dunder.o)
    0x08002d58   0x00000020   Code   RO         2527    i.__mathlib_dbl_underflow  m_wm.l(dunder.o)
    0x08002d78   0x0000000e   Code   RO         2611    i.__scatterload_copy  mc_w.l(handlers.o)
    0x08002d86   0x00000002   Code   RO         2612    i.__scatterload_null  mc_w.l(handlers.o)
    0x08002d88   0x0000000e   Code   RO         2613    i.__scatterload_zeroinit  mc_w.l(handlers.o)
    0x08002d96   0x00000002   PAD
    0x08002d98   0x0000000c   Code   RO         2585    i.__set_errno       mc_w.l(errno.o)
    0x08002da4   0x000002c0   Code   RO         2392    i._printf_core      mc_w.l(printf5.o)
    0x08003064   0x00000028   Code   RO          177    i.assert_failed     tools.o
    0x0800308c   0x00000038   Code   RO          178    i.delay_ms          tools.o
    0x080030c4   0x00000036   Code   RO          179    i.delay_us          tools.o
    0x080030fa   0x00000018   Code   RO         2537    i.fabs              m_wm.l(fabs.o)
    0x08003112   0x00000002   PAD
    0x08003114   0x00000024   Code   RO          134    i.fputc             usart.o
    0x08003138   0x00000030   Code   RO            4    i.main              main.o
    0x08003168   0x0000006e   Code   RO         2548    i.sqrt              m_wm.l(sqrt.o)
    0x080031d6   0x00000002   PAD
    0x080031d8   0x0000013c   Code   RO          180    i.tools_str2num     tools.o
    0x08003314   0x00000004   PAD
    0x08003318   0x00000088   Data   RO         2238    .constdata          m_wm.l(pow.o)
    0x080033a0   0x00000008   Data   RO         2545    .constdata          m_wm.l(qnan.o)
    0x080033a8   0x00000020   Data   RO         2609    Region$$Table       anon$$obj.o


    Execution Region RW_IRAM1 (Base: 0x20000000, Size: 0x00000440, Max: 0x00020000, ABSOLUTE)

    Base Addr    Size         Type   Attr      Idx    E Section Name        Object

    0x20000000   0x00000004   Data   RW          136    .data               usart.o
    0x20000004   0x00000014   Data   RW          315    .data               system_stm32f4xx.o
    0x20000018   0x00000010   Data   RW         1018    .data               stm32f4xx_rcc.o
    0x20000028   0x00000004   Data   RW         2572    .data               mc_w.l(stdout.o)
    0x2000002c   0x00000004   Data   RW         2586    .data               mc_w.l(errno.o)
    0x20000030   0x0000000a   Zero   RW          135    .bss                usart.o
    0x2000003a   0x00000006   PAD
    0x20000040   0x00000400   Zero   RW          302    STACK               startup_stm32f4xx.o


==============================================================================

Image component sizes


      Code (inc. data)   RO Data    RW Data    ZI Data      Debug   Object Name

       104         62          0          0          0        543   board.o
        48         18          0          0          0     239043   main.o
       244         24          0          0          0       2416   sccb.o
        36          8        392          0       1024        920   startup_stm32f4xx.o
      1276        408          0          0          0       3755   stm32f4xx_gpio.o
       792        298          0         16          0       5660   stm32f4xx_rcc.o
      2752        892          0          0          0       9027   stm32f4xx_usart.o
       532         56          0         20          0       2917   system_stm32f4xx.o
       466         52          0          0          0       2838   tools.o
       320         36          0          4         10       2418   usart.o

    ----------------------------------------------------------------------
      6574       1858        424         40       1040     269537   Object Totals
         0          0         32          0          0          0   (incl. Generated)
         4          4          0          0          6          0   (incl. Padding)

    ----------------------------------------------------------------------

      Code (inc. data)   RO Data    RW Data    ZI Data      Debug   Library Member Name

       164         44          0          0          0        620   dunder.o
        24          0          0          0          0        124   fabs.o
        48          0          0          0          0        124   fpclassify.o
       248          0          0          0          0        152   poly.o
      3152        296        136          0          0        352   pow.o
         0          0          8          0          0          0   qnan.o
       110          0          0          0          0        148   sqrt.o
         0          0          0          0          0          0   entry.o
         0          0          0          0          0          0   entry10a.o
         0          0          0          0          0          0   entry11a.o
         8          4          0          0          0          0   entry2.o
         4          0          0          0          0          0   entry5.o
         0          0          0          0          0          0   entry7b.o
         0          0          0          0          0          0   entry8b.o
         8          4          0          0          0          0   entry9a.o
        12          6          0          4          0         68   errno.o
        30          0          0          0          0          0   handlers.o
        36          8          0          0          0         68   init.o
         0          0          0          0          0          0   iusefp.o
        30          0          0          0          0         68   llshl.o
        36          0          0          0          0         68   llsshr.o
        32          0          0          0          0         68   llushr.o
       736         56          0          0          0        184   printf5.o
         0          0          0          4          0          0   stdout.o
        98          0          0          0          0         92   uldiv.o
        48          0          0          0          0         68   cdrcmple.o
       334          0          0          0          0        148   dadd.o
       222          0          0          0          0        100   ddiv.o
       186          0          0          0          0        176   depilogue.o
        62          0          0          0          0         80   dfixi.o
        34          0          0          0          0         76   dflti.o
       228          0          0          0          0         96   dmul.o
        46          0          0          0          0         80   dscalb.o
       162          0          0          0          0        100   dsqrt.o

    ----------------------------------------------------------------------
      6114        418        144          8          0       3060   Library Totals
        16          0          0          0          0          0   (incl. Padding)

    ----------------------------------------------------------------------

      Code (inc. data)   RO Data    RW Data    ZI Data      Debug   Library Name

      3746        340        144          0          0       1520   m_wm.l
      1030         78          0          8          0        616   mc_w.l
      1322          0          0          0          0        924   mf_w.l

    ----------------------------------------------------------------------
      6114        418        144          8          0       3060   Library Totals

    ----------------------------------------------------------------------

==============================================================================


      Code (inc. data)   RO Data    RW Data    ZI Data      Debug   

     12688       2276        568         48       1040     267673   Grand Totals
     12688       2276        568         48       1040     267673   ELF Image Totals
     12688       2276        568         48          0          0   ROM Totals

==============================================================================

    Total RO  Size (Code + RO Data)                13256 (  12.95kB)
    Total RW  Size (RW Data + ZI Data)              1088 (   1.06kB)
    Total ROM Size (Code + RO Data + RW Data)      13304 (  12.99kB)

==============================================================================

